01-21 08:22:51.160 17417 17434 I TestRunner: started: pokemonDetailScreen_displaysStats(com.example.presentation.detail.PokemonDetailScreenTest)
01-21 08:22:51.162 17417 17434 D IdlingRegistry: Registering idling resources: [androidx.compose.ui.test.EspressoLink@b7f3a12]
01-21 08:22:51.164 17417 17434 W Settings: Setting always_finish_activities has moved from android.provider.Settings.System to android.provider.Settings.Global, returning read-only value.
01-21 08:22:51.166   545  2160 V GrammaticalInflectionUtils: AttributionSource: android.content.AttributionSource@577dc81e does not have READ_SYSTEM_GRAMMATICAL_GENDER permission.
01-21 08:22:51.173  1212  1212 W SplitSelectStateCtor: Missing session instanceIds
01-21 08:22:51.173  1212  1212 D StatsLog: LAUNCHER_SPLIT_SELECTION_EXIT_INTERRUPTED
01-21 08:22:51.174   389   389 I BpBinder: onLastStrongRef automatically unlinking death recipients:
01-21 08:22:51.184  1212  1212 I TopTaskTracker: onTaskMovedToFront: (moved taskInfo to front) taskId=115, baseIntent=Intent { act=android.intent.action.MAIN cat=[android.intent.category.LAUNCHER] flg=0x10008000 cmp=com.example.presentation.test/androidx.activity.ComponentActivity }
01-21 08:22:51.186 17417 17417 D LifecycleMonitor: Lifecycle status change: androidx.activity.ComponentActivity@9804236 in: PRE_ON_CREATE
01-21 08:22:51.186 17417 17417 V ActivityScenario: Activity lifecycle changed event received but ignored because the reported transition was not ON_CREATE while the last known transition was PRE_ON_CREATE
01-21 08:22:51.196 17417 17417 D LifecycleMonitor: Lifecycle status change: androidx.activity.ComponentActivity@9804236 in: CREATED
01-21 08:22:51.196 17417 17417 V ActivityScenario: Update currentActivityStage to CREATED, currentActivity=androidx.activity.ComponentActivity@9804236
01-21 08:22:51.198 17417 17417 D LifecycleMonitor: Lifecycle status change: androidx.activity.ComponentActivity@9804236 in: STARTED
01-21 08:22:51.198 17417 17417 V ActivityScenario: Update currentActivityStage to STARTED, currentActivity=androidx.activity.ComponentActivity@9804236
01-21 08:22:51.199 17417 17417 D LifecycleMonitor: Lifecycle status change: androidx.activity.ComponentActivity@9804236 in: RESUMED
01-21 08:22:51.200 17417 17417 V ActivityScenario: Update currentActivityStage to RESUMED, currentActivity=androidx.activity.ComponentActivity@9804236
01-21 08:22:51.219   545   568 W ziparchive: Unable to open '/data/app/~~_RgRFkdpjuxVzypb_SWbcw==/com.example.presentation.test-s84CZniISWJixU0I2i7k0w==/base.dm': No such file or directory
01-21 08:22:51.220   545   568 I ActivityTaskManager: Displayed com.example.presentation.test/androidx.activity.ComponentActivity for user 0: +53ms
01-21 08:22:51.242   545   683 I ImeTracker: com.example.presentation.test:db876c88: onRequestHide at ORIGIN_SERVER reason HIDE_UNSPECIFIED_WINDOW fromUser false
01-21 08:22:51.249   545   683 I ImeTracker: com.example.presentation.test:db876c88: onCancelled at PHASE_SERVER_SHOULD_HIDE
01-21 08:22:51.251  6050  6050 I GoogleInputMethodService: GoogleInputMethodService.onFinishInput():3157
01-21 08:22:51.252  6050  6050 I GoogleInputMethodService: GoogleInputMethodService.updateDeviceLockedStatus():2248 repeatCheckTimes = 0, locked = false
01-21 08:22:51.253  6050  6050 I GoogleInputMethodService: GoogleInputMethodService.onStartInput():1986 onStartInput(EditorInfo{EditorInfo{packageName=com.example.presentation.test, inputType=0, inputTypeString=NULL, enableLearning=false, autoCorrection=false, autoComplete=false, imeOptions=0, privateImeOptions=null, actionName=UNSPECIFIED, actionLabel=null, initialSelStart=-1, initialSelEnd=-1, initialCapsMode=0, label=null, fieldId=0, fieldName=null, extras=null, hintText=null, hintLocales=[]}}, false)
01-21 08:22:51.253  6050  6050 I GoogleInputMethodService: GoogleInputMethodService.updateDeviceLockedStatus():2248 repeatCheckTimes = 1, locked = false
01-21 08:22:51.253  6050  6050 I AndroidIME: InputBundleManager.loadActiveInputBundleId():450 loadActiveInputBundleId: und-Latn-x-password, password
01-21 08:22:51.448   545   851 D InetDiagMessage: Destroyed 0 sockets, proto=IPPROTO_TCP, family=AF_INET, states=14
01-21 08:22:51.449   545   851 D InetDiagMessage: Destroyed 0 sockets, proto=IPPROTO_TCP, family=AF_INET6, states=14
01-21 08:22:51.449   545   851 D InetDiagMessage: Destroyed live tcp sockets for uids={10103} in 1ms
01-21 08:22:51.496   929  1026 W WindowOnBackDispatcher: sendCancelIfRunning: isInProgress=false callback=android.view.ViewRootImpl$$ExternalSyntheticLambda11@53c78ef
01-21 08:22:51.497   545   651 W InputManager-JNI: Input channel object '39e3196 Splash Screen com.example.presentation.test (client)' was disposed without first being removed with the input manager!
01-21 08:22:51.499  1212  1212 D VRI[NexusLauncherActivity]: visibilityChanged oldVisibility=true newVisibility=false
01-21 08:22:51.508 17417 17434 W SurfaceComposerClient: Sync transaction timed out waiting for commit callback.
01-21 08:22:51.511  1212  1212 D NexusLauncherModelDelegate: notifySmartspaceEvent: SmartspaceTargetEvent{mSmartspaceTarget=null, mSmartspaceActionId='null', mEventType=7}
01-21 08:22:51.522  1212  1212 D BaseDepthController: setSurface:
01-21 08:22:51.522  1212  1212 D BaseDepthController: 	mWaitingOnSurfaceValidity: false
01-21 08:22:51.522  1212  1212 D BaseDepthController: 	mSurface: null
01-21 08:22:51.522  1212  1212 D BaseDepthController: mSurface is null and mCurrentBlur is: 23
01-21 08:22:51.522  1212  1212 D StatsLog: LAUNCHER_ONSTOP
01-21 08:22:51.523  1212  1212 D StatsLog: LAUNCHER_GOOGLE_SEARCH_RESTORE_LIST_SIZE_AFTER_ACTIVITY_RESTART
01-21 08:22:51.525  1212  2293 D GmsPlayProvider: Shut down the binder channel
01-21 08:22:51.527  1212  1858 D OneSearchSuggestProvider: Shut down the binder channel
01-21 08:22:51.527  1212  1481 I IPCThreadState: oneway function results for code 2 on binder at 0xb40000759437f750 will be dropped but finished with status UNKNOWN_TRANSACTION
01-21 08:22:51.584   545  1532 V GrammaticalInflectionUtils: AttributionSource: android.content.AttributionSource@577dc81e does not have READ_SYSTEM_GRAMMATICAL_GENDER permission.
01-21 08:22:51.588 17417 17417 D LifecycleMonitor: Lifecycle status change: androidx.activity.ComponentActivity@9804236 in: PAUSED
01-21 08:22:51.589 17417 17417 V ActivityScenario: Update currentActivityStage to PAUSED, currentActivity=androidx.activity.ComponentActivity@9804236
01-21 08:22:51.590   389   389 I BpBinder: onLastStrongRef automatically unlinking death recipients:
01-21 08:22:51.604 17417 17417 D LifecycleMonitor: Lifecycle status change: androidx.test.core.app.InstrumentationActivityInvoker$EmptyActivity@1359946 in: PRE_ON_CREATE
01-21 08:22:51.604 17417 17417 V ActivityScenario: Activity lifecycle changed event received but ignored because the intent does not match. startActivityIntent=Intent { act=android.intent.action.MAIN cat=[android.intent.category.LAUNCHER] flg=0x10008000 cmp=com.example.presentation.test/androidx.activity.ComponentActivity }, activity.getIntent()=Intent { act=android.intent.action.MAIN cat=[android.intent.category.LAUNCHER] flg=0x10000000 cmp=com.example.presentation.test/androidx.test.core.app.InstrumentationActivityInvoker$EmptyActivity }, activity=androidx.test.core.app.InstrumentationActivityInvoker$EmptyActivity@1359946
01-21 08:22:51.608 17417 17417 D LifecycleMonitor: Lifecycle status change: androidx.test.core.app.InstrumentationActivityInvoker$EmptyActivity@1359946 in: CREATED
01-21 08:22:51.608 17417 17417 V ActivityScenario: Activity lifecycle changed event received but ignored because the intent does not match. startActivityIntent=Intent { act=android.intent.action.MAIN cat=[android.intent.category.LAUNCHER] flg=0x10008000 cmp=com.example.presentation.test/androidx.activity.ComponentActivity }, activity.getIntent()=Intent { act=android.intent.action.MAIN cat=[android.intent.category.LAUNCHER] flg=0x10000000 cmp=com.example.presentation.test/androidx.test.core.app.InstrumentationActivityInvoker$EmptyActivity }, activity=androidx.test.core.app.InstrumentationActivityInvoker$EmptyActivity@1359946
01-21 08:22:51.610 17417 17417 D LifecycleMonitor: Lifecycle status change: androidx.test.core.app.InstrumentationActivityInvoker$EmptyActivity@1359946 in: STARTED
01-21 08:22:51.610 17417 17417 V ActivityScenario: Activity lifecycle changed event received but ignored because the intent does not match. startActivityIntent=Intent { act=android.intent.action.MAIN cat=[android.intent.category.LAUNCHER] flg=0x10008000 cmp=com.example.presentation.test/androidx.activity.ComponentActivity }, activity.getIntent()=Intent { act=android.intent.action.MAIN cat=[android.intent.category.LAUNCHER] flg=0x10000000 cmp=com.example.presentation.test/androidx.test.core.app.InstrumentationActivityInvoker$EmptyActivity }, activity=androidx.test.core.app.InstrumentationActivityInvoker$EmptyActivity@1359946
01-21 08:22:51.614 17417 17417 D LifecycleMonitor: Lifecycle status change: androidx.test.core.app.InstrumentationActivityInvoker$EmptyActivity@1359946 in: RESUMED
01-21 08:22:51.615 17417 17417 V ActivityScenario: Activity lifecycle changed event received but ignored because the intent does not match. startActivityIntent=Intent { act=android.intent.action.MAIN cat=[android.intent.category.LAUNCHER] flg=0x10008000 cmp=com.example.presentation.test/androidx.activity.ComponentActivity }, activity.getIntent()=Intent { act=android.intent.action.MAIN cat=[android.intent.category.LAUNCHER] flg=0x10000000 cmp=com.example.presentation.test/androidx.test.core.app.InstrumentationActivityInvoker$EmptyActivity }, activity=androidx.test.core.app.InstrumentationActivityInvoker$EmptyActivity@1359946
01-21 08:22:51.635  1212  1212 I TopTaskTracker: onTaskMovedToFront: (moved taskInfo to front) taskId=7, baseIntent=Intent { act=android.intent.action.MAIN cat=[android.intent.category.HOME] flg=0x10000100 cmp=com.google.android.apps.nexuslauncher/.NexusLauncherActivity }
01-21 08:22:51.636 17417 17417 D LifecycleMonitor: Lifecycle status change: androidx.test.core.app.InstrumentationActivityInvoker$EmptyActivity@1359946 in: PAUSED
01-21 08:22:51.636 17417 17417 V ActivityScenario: Activity lifecycle changed event received but ignored because the intent does not match. startActivityIntent=Intent { act=android.intent.action.MAIN cat=[android.intent.category.LAUNCHER] flg=0x10008000 cmp=com.example.presentation.test/androidx.activity.ComponentActivity }, activity.getIntent()=Intent { act=android.intent.action.MAIN cat=[android.intent.category.LAUNCHER] flg=0x10000000 cmp=com.example.presentation.test/androidx.test.core.app.InstrumentationActivityInvoker$EmptyActivity }, activity=androidx.test.core.app.InstrumentationActivityInvoker$EmptyActivity@1359946
01-21 08:22:51.648  1212  1212 D StatsLog: LAUNCHER_ONRESUME
01-21 08:22:51.658  1212  1212 D NexusLauncherModelDelegate: notifySmartspaceEvent: SmartspaceTargetEvent{mSmartspaceTarget=null, mSmartspaceActionId='null', mEventType=6}
01-21 08:22:51.659  1212  1212 D BaseDepthController: mSurface is null and mCurrentBlur is: 23
01-21 08:22:51.663  1212  1212 D BaseDepthController: setSurface:
01-21 08:22:51.663  1212  1212 D BaseDepthController: 	mWaitingOnSurfaceValidity: false
01-21 08:22:51.663  1212  1212 D BaseDepthController: 	mSurface: Surface(name=com.google.android.apps.nexuslauncher/com.google.android.apps.nexuslauncher.NexusLauncherActivity)/@0x5b23036
01-21 08:22:51.675  1435  1620 I AiAiEcho: Predicting[0]:  [CONTEXT sampling_count=5 ]
01-21 08:22:51.675  1435  1620 I AiAiEcho: EchoTargets:
01-21 08:22:51.675  1435  1620 I AiAiEcho: Filtered by AiAi flag check:
01-21 08:22:51.675  1435  1620 I AiAiEcho: [CONTEXT ratelimit_period="10 SECONDS" ]
01-21 08:22:51.675  1435  1620 I AiAiEcho: Ranked targets strategy: SORT, count: 0, ranking metadata:  [CONTEXT ratelimit_period="10 SECONDS" ]
01-21 08:22:51.675  1435  1620 I AiAiEcho: #remoteViewsTwiddler: feature disabled.
01-21 08:22:51.676  1435  1620 I AiAiEcho: #postPredictionTargets: Sending updates to UISurface home with targets# 0 (types=[])
01-21 08:22:51.676   545  1473 W AppSearchIcing: icing-search-engine.cc:321: Error: 5, Message: Document (com.google.android.googlequicksearchbox$OneSearchZeroStateGoogleSuggestions/default, zp) not found.
01-21 08:22:51.677  1212  1858 D OneSearchSuggestProvider: AppSearch 0-state cache not available, fallback to AGA
01-21 08:22:51.677  1212  1858 D OneSearchSuggestProvider: java.util.concurrent.CompletionException: java.util.NoSuchElementException: No value present
01-21 08:22:51.677  1212  1858 D OneSearchSuggestProvider: 	at java.util.concurrent.CompletableFuture.encodeThrowable(CompletableFuture.java:308)
01-21 08:22:51.677  1212  1858 D OneSearchSuggestProvider: 	at java.util.concurrent.CompletableFuture.completeThrowable(CompletableFuture.java:323)
01-21 08:22:51.677  1212  1858 D OneSearchSuggestProvider: 	at java.util.concurrent.CompletableFuture$UniAccept.tryFire(CompletableFuture.java:684)
01-21 08:22:51.677  1212  1858 D OneSearchSuggestProvider: 	at java.util.concurrent.CompletableFuture.postComplete(CompletableFuture.java:486)
01-21 08:22:51.677  1212  1858 D OneSearchSuggestProvider: 	at java.util.concurrent.CompletableFuture.completeExceptionally(CompletableFuture.java:2138)
01-21 08:22:51.677  1212  1858 D OneSearchSuggestProvider: 	at com.google.android.apps.nexuslauncher.allapps.E0.onResult(go/retraceme 2855a437b73635ce9cad76b9289087e631bbb67fc90008a0da13d343a00e5041:67)
01-21 08:22:51.677  1212  1858 D OneSearchSuggestProvider: 	at android.app.appsearch.SearchSessionUtil$1.lambda$onResult$0(go/retraceme 64eee9e9f568ff45978879ad2ff83146f2618ee8a88278736fbdf5fae931976e:144)
01-21 08:22:51.677  1212  1858 D OneSearchSuggestProvider: 	at android.app.appsearch.SearchSessionUtil$1.$r8$lambda$CEk3q8sDAQVhU3rQwVueB8FAj_M(go/retraceme 64eee9e9f568ff45978879ad2ff83146f2618ee8a88278736fbdf5fae931976e:1)
01-21 08:22:51.677  1212  1858 D OneSearchSuggestProvider: 	at android.app.appsearch.SearchSessionUtil$1$$ExternalSyntheticLambda0.run(go/retraceme 64eee9e9f568ff45978879ad2ff83146f2618ee8a88278736fbdf5fae931976e:22)
01-21 08:22:51.677  1212  1858 D OneSearchSuggestProvider: 	at android.os.Handler.handleCallback(Handler.java:959)
01-21 08:22:51.677  1212  1858 D OneSearchSuggestProvider: 	at android.os.Handler.dispatchMessage(Handler.java:100)
01-21 08:22:51.677  1212  1858 D OneSearchSuggestProvider: 	at android.os.Looper.loopOnce(Looper.java:232)
01-21 08:22:51.677  1212  1858 D OneSearchSuggestProvider: 	at android.os.Looper.loop(Looper.java:317)
01-21 08:22:51.677  1212  1858 D OneSearchSuggestProvider: 	at android.os.HandlerThread.run(HandlerThread.java:85)
01-21 08:22:51.677  1212  1858 D OneSearchSuggestProvider: Caused by: java.util.NoSuchElementException: No value present
01-21 08:22:51.677  1212  1858 D OneSearchSuggestProvider: 	at java.util.Optional.get(Optional.java:143)
01-21 08:22:51.677  1212  1858 D OneSearchSuggestProvider: 	at com.google.android.apps.nexuslauncher.allapps.E0.onResult(go/retraceme 2855a437b73635ce9cad76b9289087e631bbb67fc90008a0da13d343a00e5041:28)
01-21 08:22:51.677  1212  1858 D OneSearchSuggestProvider: 	... 8 more
01-21 08:22:51.678  1212  1265 D QuickstepModelDelegate: notifyAppTargetEvent action=1 launchLocation=
01-21 08:22:51.680  1212  1212 D SsBaseTemplateCard: No text view can be set up
01-21 08:22:51.680  1212  1212 D SsBaseTemplateCard: Passed-in item info is null
01-21 08:22:51.680  1212  1212 D SsBaseTemplateCard: Passed-in item info is null
01-21 08:22:51.680  1212  1212 D SsBaseTemplateCard: Passed-in item info is null
01-21 08:22:51.680  1212  1212 I SsBaseTemplateCard: Secondary card pane is null
01-21 08:22:51.686  1212  1858 D OneSearchSuggestProvider: Created the binder channel successfully for end point service =com.google.android.apps.search.googleapp.search.suggest.plugins.onesearch.server.OneSearchSuggestService , mChannel=i1{delegate=f{logId=333, target=directaddress:///AndroidComponentAddress%5BIntent%20%7B%20act=grpc.io.action.BIND%20cmp=com.google.android.googlequicksearchbox/com.google.android.apps.search.googleapp.search.suggest.plugins.onesearch.server.OneSearchSuggestService%20%7D%5D}} , mOneSearchConnection=l2.Z@94aa3bf
01-21 08:22:51.702 11054 11054 I A       : (REDACTED) Created gRPC endpoint for service %s
01-21 08:22:51.707   929  1073 D EGL_emulation: app_time_stats: avg=62.52ms min=1.76ms max=881.30ms count=17
01-21 08:22:51.731  1212  1514 D EGL_emulation: app_time_stats: avg=23.75ms min=6.68ms max=136.56ms count=44
01-21 08:22:51.753   545   683 I ImeTracker: com.google.android.apps.nexuslauncher:511d9bd: onRequestHide at ORIGIN_SERVER reason HIDE_UNSPECIFIED_WINDOW fromUser false
01-21 08:22:51.753   545   683 I ImeTracker: com.google.android.apps.nexuslauncher:511d9bd: onCancelled at PHASE_SERVER_SHOULD_HIDE
01-21 08:22:51.763  6050  6050 I GoogleInputMethodService: GoogleInputMethodService.onFinishInput():3157
01-21 08:22:51.763  6050  6050 I GoogleInputMethodService: GoogleInputMethodService.updateDeviceLockedStatus():2248 repeatCheckTimes = 0, locked = false
01-21 08:22:51.765  6050  6050 I GoogleInputMethodService: GoogleInputMethodService.onStartInput():1986 onStartInput(EditorInfo{EditorInfo{packageName=com.google.android.apps.nexuslauncher, inputType=0, inputTypeString=NULL, enableLearning=false, autoCorrection=false, autoComplete=false, imeOptions=0, privateImeOptions=null, actionName=UNSPECIFIED, actionLabel=null, initialSelStart=-1, initialSelEnd=-1, initialCapsMode=0, label=null, fieldId=0, fieldName=null, extras=null, hintText=null, hintLocales=[]}}, false)
01-21 08:22:51.765  6050  6050 I GoogleInputMethodService: GoogleInputMethodService.updateDeviceLockedStatus():2248 repeatCheckTimes = 1, locked = false
01-21 08:22:51.765  6050  6050 I AndroidIME: InputBundleManager.loadActiveInputBundleId():450 loadActiveInputBundleId: und-Latn-x-password, password
01-21 08:22:51.772  1212  1226 W System  : A resource failed to call release.
01-21 08:22:51.772  1212  1226 W System  : A resource failed to call release.
01-21 08:22:51.772  1212  1226 W System  : A resource failed to call release.
01-21 08:22:51.772  1212  1226 W System  : A resource failed to call release.
01-21 08:22:51.772  1212  1226 W System  : A resource failed to call release.
01-21 08:22:51.772  1212  1226 W System  : A resource failed to call release.
01-21 08:22:51.773  1212  1226 W System  : A resource failed to call release.
01-21 08:22:51.773  1212  1226 W System  : A resource failed to call release.
01-21 08:22:51.773  1212  1226 W System  : A resource failed to call release.
01-21 08:22:51.773  1212  1226 W System  : A resource failed to call release.
01-21 08:22:51.773  1212  1226 W System  : A resource failed to call release.
01-21 08:22:51.773  1212  1226 W System  : A resource failed to call release.
01-21 08:22:51.799  1212  1212 D SearchTargetUtil: queryLength=0 size=15
01-21 08:22:51.799  1212  1212 D SearchTargetUtil: layoutType=short_icon_row resultType=131072 packageName=com.google.android.googlequicksearchbox extras=Bundle{suggestion_type=33,suggest_truncate_start=false,is_answer=false,is_entity=false,is_personal=false,suggest_raw_text=windows 11 24h2 cpu support,input_query=android.app.search.Query@ed15b3e,group_id=web21091181,response_id=c2ffe01b-c49d-4968-82af-d0fa54b5a7aa,support_query_builder=false,} searchAction=windows 11 24h2 cpu support searchActionExtras=Bundle{learn_more_url=https://support.google.com/websearch/answer/106230?hl=106230,suggestion_action_text=Report this,should_start_for_result=true,allow_pinning=true,skip_logging_in_target_handler=true,suggestion_action_rpc=2,}ParentID: null targetID: e45eb39c-46a9-4700-922a-dd3375948bbc
01-21 08:22:51.799  1212  1212 D SearchTargetUtil: layoutType=short_icon_row resultType=131072 packageName=com.google.android.googlequicksearchbox extras=Bundle{suggestion_type=33,suggest_truncate_start=false,is_answer=false,is_entity=false,is_personal=false,suggest_raw_text=cleveland wnba expansion,input_query=android.app.search.Query@ed15b3e,group_id=web21091181,response_id=c2ffe01b-c49d-4968-82af-d0fa54b5a7aa,support_query_builder=false,} searchAction=cleveland wnba expansion searchActionExtras=Bundle{learn_more_url=https://support.google.com/websearch/answer/106230?hl=106230,suggestion_action_text=Report this,should_start_for_result=true,allow_pinning=true,skip_logging_in_target_handler=true,suggestion_action_rpc=2,}ParentID: null targetID: a451deb6-27fc-4f2e-92ba-af7b84b973ba
01-21 08:22:51.799  1212  1212 D SearchTargetUtil: layoutType=extra_tall_icon_row resultType=131072 packageName=com.google.android.googlequicksearchbox extras=Bundle{bitmap_url=data:image/jpeg;base64,/9j/4AAQSkZJRgABAQAAAQABAAD/2wCEAAkGBwgHBgkIBwgKCgkLDRYPDQwMDRsUFRAWIB0iIiAdHx8kKDQsJCYxJx8fLT0tMTU3Ojo6Iys/RD84QzQ5OjcBCgoKDQwNGg8PGjclHyU3Nzc3Nzc3Nzc3Nzc3Nzc3Nzc3Nzc3Nzc3Nzc3Nzc3Nzc3Nzc3Nzc3Nzc3Nzc3Nzc3N//AABEIAHwAfAMBEQACEQEDEQH/xAAcAAACAwEBAQEAAAAAAAAAAAAGBwAEBQMCAQj/xABCEAABAwIEAwQHBQUGBwAAAAABAgMEBREABhIhEzFBByJRYRQyQlJxgZEVI6GxwTNicoLRJDRDU5KiFhdEc4PC8f/EABoBAAIDAQEAAAAAAAAAAAAAAAAEAgMFAQb/xAA5EQABAwIDBAgGAgEDBQAAAAABAAIDBBESITEFE0FRIjJhcYGhwfAGFCORsdFC4TMkUoIVNEOy8f/aAAwDAQACEQMRAD8AeOBCmBCmBCmBC5uvNsp1OLCR5nEXvawYnGwXQC42CzpFbYbB4aSq3tHYYypdswNOGMFx7Pfomm0ch62SH5ufKfHUUuVCGgj2Uq1kfTHGz7UmzigsO2/rZT3EDes5ZjnaZSwbfaCj/DGX/TFopduH+IHi39ow0vau8ftHpbh2qTQ/7jSk/mMRMe249Ygft6FG7pjoVvU/NUeYLsuMSE+LLgVik7VlhNqmEt99v7QaRruo5a8apRnyAF6VeCtsP09fTz5Mdny0KXkgkj1CuYcVKmBCmBCmBCmBCmBCmBChNhc4ELFqtdZiNOKS4hKEC63VmyU4yaraeF+5pxieffim4qYuGJ+QStzD2ilbi0UpHFVy9IeHd/lT/W3wwxTfD01QRLXv/wCI92Hh91YahsYwxBZkrLeba1RRW5RXJiKQHUtpd1KKD7SW07bDpscb1PFR0jt3C0NPvU6pV0jnHpFdc5ZMp+X8u0+pQKk5OMp0J4gSA2pJSVApty5dScXw1DpHlrhaygCt2hZUyzKydTqu9R6pMkPANuoiOKKysEpUrTqACbpJ/TFMk8olLA4BFyhR+iU+tZzRR8sF1mM53CqSlRLakglZIO+1uWGBI5kWORd71r1Ts69HanSsvVxie7Tr+kMJGl1tQBuLpJ32O23LFYqQ6zZG5H7IBWJSM61WnlKX3RMY918975K5/W+M6s+HqOpuWDA7s0+2n2smGVMjdc0zcq52i1IBDDpDgHejPGyx5jxHw/DGDKK/ZRtOMcfP++HcfAq0xxT9XIo4iS2pSNTat+oPMY1IKiOoZjjNwknxujNnLvi5QUwIUwIUwIXwkAXPLAhCuacyR6fEcdedKI6NtvWcPujGLUVE1ZN8pSa8T+c+XM+AT0MLY27yTwCVvouZO0F95cCOEwmCdKFOaW0noL+0v8vLHo6GgpdlsAGbjqeP9D3mqZpjIc9EV/8ADWX4ORJz0yhuidT2TIlJlEodUpKbkJcTsU8wNN035gkHE5KiUPuHZKglX+y6S5FYq9JYdcmMx+HKgLcVYLZdQFIF+Sel/MnHKkh4bIOKCr2YhSc2ZAcXEksxGXPvWlPWRwnUqupKhfZV9ST8TzxXTvLZAdUBZWV61TomR6VBiZrptPmpAcdL+hRTqJUpBSVCxGq1/LF8sbzK4lhIXSM1jZRplLHaHNMSvB51tHpEaQ0U6H1r/aJNrggXtYb7+WLJnv3Au33wQdFtZ0blQsmyp8iMzS63KfS0tNNXcS9StNlbDVdJUd7kYrgIdKGg3aOfBA1VWLCgZIolMp8qkMVSuVZwJdjqCSdJsFJuQe6BYeBNz446XOncXA2aEaoT7S6LAy3mNpFGcUyFtB4tJcJLCrnkeYBtt/8AMMU7jNERILjTvXWk6reyTnR12QiDU1cOck6UOEaQ6fdUOivz+OPK7R2VJs9/zdF1eI5D1HmE8yRsw3cia8CYiW1cbLHrJ8MNUlUypjxs8RySUsTo3WKtYZVamBCmBCxMxVNEVhxKnA2hCSp1ZOyUjGTtOqe21PDm93vzTdNEHHG7QJNNek9oGbGYSXhHiC5QFEDQ2OZA6rPh+gON+goY9l01tXHU8z+h71UJpTIb8FcDtW7Mc0lq7ztJdcCtwAmS3bmPBab+XIdCMO2ZVR34/hVapjZ5Mqq5VfYgFtceptsstGxC/vFpCjbw0Enobj6ZZFsjqoJbIczNTn6bSctoeE4UxtiSphIUV8N11AuVbJtpIvt8cPU7YzDeTS5Uhbit2PkZmsSKhDfmKjtSanJms6WwotrS4pt1I8iC0f5cLQTmEkhcBstZrsgoSU2cnVFZ8QtA/wDXFxrpOQRdVJvY3AWk+g1aS2vpx20uD8NOJNr3cQu4kJ1/JubKE6xMcLlQYhqC2XmnFOBqxBHcO6Rt0288MRzwyC2l124RBD7QcsyZTdfqdMeRXWGCy2GyVoUDfdJvYczuRcAnnil1LKBu2norlig+hOVrMWdG58RhuXUFPh9YeTdpA/e8EgWA67C29sMyBkcWE5BdRx2kZUjVVEqr0h1g1WClJqLTSrBXdvfyUBv4kW62wpTTFtmP0Oi4CufZ3mpya1wJK7zY43J/xkePx8fkeuPM7SpDsqpFRCPpu1HLs9R9k+wiojwO1CabDqX2kuINwoY1WPa9oc05FZ5BBsV0xJcXKS8GGFuK9kYi94Y0udoF0AuNgkx2o1tZCKa2s6nfvZFvd9lP13+Qwn8PUxqZn18vc332DL7p6oIjaImrrL7L3n6BTqhl+WiTJcjpceQp0BLhIvdtVvO25+mPQisAeWvFh71SV1do1cdj0h+kdpdOfMRoaoz0phRLik+xq5FXgb7+JxF8YLscBzR3Kl2fzZMiU7KV6SKTGlxmYyHXCtLAU4UpbBPMjiJ38hfpiNaAA3nxQ5MqnuJpVak02RZDUxxUiE5awUVd5xu/vBWpduoXtfSrCCis6zLFRqdOmShBebdVUoErYWbKRxDvsdKtepPuqSdrg4ELIp651SUuqzZMph+QQWkMPutIS2AAk8MqsCqxVZQJGqx5Y8xW7WlE5EDuiMuButKGlaWXeM1rM1WsQ7WebqDY5ofAbc+S0jT8in54nT7ccDaZviP0uSUQ/gVuUWuQ6uFoZ1symgC9FeAS41fkSORHOygSDY2O2PQRTRzNxxm4SDmOYbOCEM/dnUertu1GitoYqQ7y2k91Ej9Arz69fEaFPVFnRfouAoKpWfJFEyjIobMQxqm2sttSEICSkE94rB9sbjl+W7T6YPlDyclK2aFeFVkh9rhTwJFi+jQv732gVDrzvvhi7MjkhWmI1Yy45ArD0N6O24s8JTg08UD1k25i4PUfDlhephhrInwOOvlyPgpMeWODgnrlapNymG1NL1MvoDjZ+OPH7KkfE59JLq0//ffamKtgNpG8URY2kksfML+lpDV7A94/AYyNtTFlOGDVxTdGy8mI8Emcu0lnPOaqg5OmGNGCS7qSpIWReyAAryG58vPHp4Y/kKSOJozA8+PmqpH4nFyaIpkfKWWFUyNIrchpxSg06w1xnWFH3QhIsL77i25vthfGZpMRAVWqV1ar9ZzxMpNCdaCJDbpbJ0lPEXyLikH1bJBJHTfGgyJkAc8KVrJzRMuQYeW/sOMFNscIo4ifX1H/ABL+9fe/jjKkeXuLioLxDdj1uK9TKww2ZsfT6THULb+y6jrpJF0qHIgjZSSBBCpVbJUarIZam1WpuRmHA40ytTS9Ch11qbK/I3VuNjfHHNDgQeK6DY3XZeUYhSdFQqaHCP2gk6iP5VAp/DCX/TKS1sA81b8xLzWTLjzKPNZjTXhKjyCUx5QQEqCwL6HANrkAkKFgbEWBtqxNpbLEDd7FpxHJO09SXnC7VeZEcrcakR3ODMYuWHwLlN+YPik9
01-21 08:22:51.799  1212  1212 D SearchTargetUtil: layoutType=short_icon_row resultType=131072 packageName=com.google.android.googlequicksearchbox extras=Bundle{suggestion_type=33,suggest_truncate_start=false,is_answer=false,is_entity=false,is_personal=false,suggest_raw_text=usa hockey fights canada,input_query=android.app.search.Query@ed15b3e,group_id=web21091181,response_id=c2ffe01b-c49d-4968-82af-d0fa54b5a7aa,support_query_builder=false,} searchAction=usa hockey fights canada searchActionExtras=Bundle{learn_more_url=https://support.google.com/websearch/answer/106230?hl=106230,suggestion_action_text=Report this,should_start_for_result=true,allow_pinning=true,skip_logging_in_target_handler=true,suggestion_action_rpc=2,}ParentID: null targetID: 2b7d4d07-be07-4acc-a75b-7fa9455aee8b
01-21 08:22:51.799  1212  1212 D SearchTargetUtil: layoutType=short_icon_row resultType=131072 packageName=com.google.android.googlequicksearchbox extras=Bundle{suggestion_type=33,suggest_truncate_start=false,is_answer=false,is_entity=false,is_personal=false,suggest_raw_text=nyt strands hints,input_query=android.app.search.Query@ed15b3e,group_id=web21091181,response_id=c2ffe01b-c49d-4968-82af-d0fa54b5a7aa,support_query_builder=false,} searchAction=nyt strands hints searchActionExtras=Bundle{learn_more_url=https://support.google.com/websearch/answer/106230?hl=106230,suggestion_action_text=Report this,should_start_for_result=true,allow_pinning=true,skip_logging_in_target_handler=true,suggestion_action_rpc=2,}ParentID: null targetID: 9241e120-6fd0-44a6-a4d3-4fe776b2bfe4
01-21 08:22:51.800  1212  1212 D SearchTargetUtil: layoutType=short_icon_row resultType=131072 packageName=com.google.android.googlequicksearchbox extras=Bundle{suggestion_type=33,suggest_truncate_start=false,is_answer=false,is_entity=false,is_personal=false,suggest_raw_text=xrp price prediction,input_query=android.app.search.Query@ed15b3e,group_id=web21091181,response_id=c2ffe01b-c49d-4968-82af-d0fa54b5a7aa,support_query_builder=false,} searchAction=xrp price prediction searchActionExtras=Bundle{learn_more_url=https://support.google.com/websearch/answer/106230?hl=106230,suggestion_action_text=Report this,should_start_for_result=true,allow_pinning=true,skip_logging_in_target_handler=true,suggestion_action_rpc=2,}ParentID: null targetID: d6320a5a-2626-4b40-8d6d-caeaa9d93180
01-21 08:22:51.800  1212  1212 D SearchTargetUtil: layoutType=short_icon_row resultType=131072 packageName=com.google.android.googlequicksearchbox extras=Bundle{suggestion_type=33,suggest_truncate_start=false,is_answer=false,is_entity=false,is_personal=false,suggest_raw_text=when is easter this year,input_query=android.app.search.Query@ed15b3e,group_id=web21091181,response_id=c2ffe01b-c49d-4968-82af-d0fa54b5a7aa,support_query_builder=false,} searchAction=when is easter this year searchActionExtras=Bundle{learn_more_url=https://support.google.com/websearch/answer/106230?hl=106230,suggestion_action_text=Report this,should_start_for_result=true,allow_pinning=true,skip_logging_in_target_handler=true,suggestion_action_rpc=2,}ParentID: null targetID: 195a541f-8d32-4225-87db-33f3a4f6719f
01-21 08:22:51.800  1212  1212 D SearchTargetUtil: layoutType=short_icon_row resultType=131072 packageName=com.google.android.googlequicksearchbox extras=Bundle{suggestion_type=33,suggest_truncate_start=false,is_answer=false,is_entity=false,is_personal=false,suggest_raw_text=snow storm weather forecast,input_query=android.app.search.Query@ed15b3e,group_id=web21091181,response_id=c2ffe01b-c49d-4968-82af-d0fa54b5a7aa,support_query_builder=false,} searchAction=snow storm weather forecast searchActionExtras=Bundle{learn_more_url=https://support.google.com/websearch/answer/106230?hl=106230,suggestion_action_text=Report this,should_start_for_result=true,allow_pinning=true,skip_logging_in_target_handler=true,suggestion_action_rpc=2,}ParentID: null targetID: d3dfb195-4e1b-491d-810c-7d35cf092e69
01-21 08:22:51.800  1212  1212 D SearchTargetUtil: layoutType=short_icon_row resultType=131072 packageName=com.google.android.googlequicksearchbox extras=Bundle{suggestion_type=33,suggest_truncate_start=false,is_answer=false,is_entity=false,is_personal=false,suggest_raw_text=santorini earthquakes,input_query=android.app.search.Query@ed15b3e,group_id=web21091181,response_id=c2ffe01b-c49d-4968-82af-d0fa54b5a7aa,support_query_builder=false,} searchAction=santorini earthquakes searchActionExtras=Bundle{learn_more_url=https://support.google.com/websearch/answer/106230?hl=106230,suggestion_action_text=Report this,should_start_for_result=true,allow_pinning=true,skip_logging_in_target_handler=true,suggestion_action_rpc=2,}ParentID: null targetID: 774c29b9-d4d5-4eb1-a11f-e6de2ffbb8d8
01-21 08:22:51.800  1212  1212 D SearchTargetUtil: layoutType=short_icon_row resultType=131072 packageName=com.google.android.googlequicksearchbox extras=Bundle{suggestion_type=33,suggest_truncate_start=false,is_answer=false,is_entity=false,is_personal=false,suggest_raw_text=christopher renstrom horoscopes,input_query=android.app.search.Query@ed15b3e,group_id=web21091181,response_id=c2ffe01b-c49d-4968-82af-d0fa54b5a7aa,support_query_builder=false,} searchAction=christopher renstrom horoscopes searchActionExtras=Bundle{learn_more_url=https://support.google.com/websearch/answer/106230?hl=106230,suggestion_action_text=Report this,should_start_for_result=true,allow_pinning=true,skip_logging_in_target_handler=true,suggestion_action_rpc=2,}ParentID: null targetID: 04701b06-3500-4318-a082-d462512da0b4
01-21 08:22:51.800  1212  1212 D SearchTargetUtil: layoutType=short_icon_row resultType=131072 packageName=com.google.android.googlequicksearchbox extras=Bundle{suggestion_type=33,suggest_truncate_start=false,is_answer=false,is_entity=false,is_personal=false,suggest_raw_text=income tax refunds,input_query=android.app.search.Query@ed15b3e,group_id=web21091181,response_id=c2ffe01b-c49d-4968-82af-d0fa54b5a7aa,support_query_builder=false,} searchAction=income tax refunds searchActionExtras=Bundle{learn_more_url=https://support.google.com/websearch/answer/106230?hl=106230,suggestion_action_text=Report this,should_start_for_result=true,allow_pinning=true,skip_logging_in_target_handler=true,suggestion_action_rpc=2,}ParentID: null targetID: 09ba278e-b14e-4bf0-a679-9827f5c7974f
01-21 08:22:51.800  1212  1212 D SearchTargetUtil: layoutType=short_icon_row resultType=131072 packageName=com.google.android.googlequicksearchbox extras=Bundle{suggestion_type=33,suggest_truncate_start=false,is_answer=false,is_entity=false,is_personal=false,suggest_raw_text=jacob kiplimo half marathon world record,input_query=android.app.search.Query@ed15b3e,group_id=web21091181,response_id=c2ffe01b-c49d-4968-82af-d0fa54b5a7aa,support_query_builder=false,} searchAction=jacob kiplimo half marathon world record searchActionExtras=Bundle{learn_more_url=https://support.google.com/websearch/answer/106230?hl=106230,suggestion_action_text=Report this,should_start_for_result=true,allow_pinning=true,skip_logging_in_target_handler=true,suggestion_action_rpc=2,}ParentID: null targetID: d24be3eb-cd24-4712-8e18-c14b121c9018
01-21 08:22:51.800  1212  1212 D SearchTargetUtil: layoutType=short_icon_row resultType=131072 packageName=com.google.android.googlequicksearchbox extras=Bundle{suggestion_type=33,suggest_truncate_start=false,is_answer=false,is_entity=false,is_personal=false,suggest_raw_text=wwe nxt vengeance day 2025,input_query=android.app.search.Query@ed15b3e,group_id=web21091181,response_id=c2ffe01b-c49d-4968-82af-d0fa54b5a7aa,support_query_builder=false,} searchAction=wwe nxt vengeance day 2025 searchActionExtras=Bundle{learn_more_url=https://support.google.com/websearch/answer/106230?hl=106230,suggestion_action_text=Report this,should_start_for_result=true,allow_pinning=true,skip_logging_in_target_handler=true,suggestion_action_rpc=2,}ParentID: null targetID: e5a2b5ad-61d1-46a3-8384-07712da4471a
01-21 08:22:51.800  1212  1212 D SearchTargetUtil: layoutType=short_icon_row resultType=131072 packageName=com.google.android.googlequicksearchbox extras=Bundle{suggestion_type=33,suggest_truncate_start=false,is_answer=false,is_entity=false,is_personal=false,suggest_raw_text=indian health service layoffs,input_query=android.app.search.Query@ed15b3e,group_id=web21091181,response_id=c2ffe01b-c49d-4968-82af-d0fa54b5a7aa,support_query_builder=false,} searchAction=indian health service layoffs searchActionExtras=Bundle{learn_more_url=https://support.google.com/websearch/answer/106230?hl=106230,suggestion_action_text=Report this,should_start_for_result=true,allow_pinning=true,skip_logging_in_target_handler=true,suggestion_action_rpc=2,}ParentID: null targetID: 443fced6-2d36-44ae-adf8-381a1b846951
01-21 08:22:51.800  1212  1212 D SearchTargetUtil: layoutType=short_icon_row resultType=131072 packageName=com.google.android.googlequicksearchbox extras=Bundle{suggestion_type=33,suggest_truncate_start=false,is_answer=false,is_entity=false,is_personal=false,suggest_raw_text=delhi earthquakes,input_query=android.app.search.Query@ed15b3e,group_id=web21091181,response_id=c2ffe01b-c49d-4968-82af-d0fa54b5a7aa,support_query_builder=false,} searchAction=delhi earthquakes searchActionExtras=Bundle{learn_more_url=https://support.google.com/websearch/answer/106230?hl=106230,suggestion_action_text=Report this,should_start_for_result=true,allow_pinning=true,skip_logging_in_target_handler=true,suggestion_action_rpc=2,}ParentID: null targetID: d411c49a-3353-4533-9de4-57cfaf388c67
01-21 08:22:51.932  5747  5747 I NearbySharing: SharingTileService destroyed
01-21 08:22:52.166 17417 17417 D VRI[ComponentActivity]: visibilityChanged oldVisibility=true newVisibility=false
01-21 08:22:52.179 17417 17417 D LifecycleMonitor: Lifecycle status change: androidx.activity.ComponentActivity@9804236 in: STOPPED
01-21 08:22:52.179 17417 17417 V ActivityScenario: Update currentActivityStage to STOPPED, currentActivity=androidx.activity.ComponentActivity@9804236
01-21 08:22:52.182 17417 17417 D LifecycleMonitor: Lifecycle status change: androidx.activity.ComponentActivity@9804236 in: DESTROYED
01-21 08:22:52.182 17417 17417 V ActivityScenario: Update currentActivityStage to DESTROYED, currentActivity=null
01-21 08:22:52.182 17417 17417 W WindowOnBackDispatcher: sendCancelIfRunning: isInProgress=false callback=android.view.ViewRootImpl$$ExternalSyntheticLambda11@865911a
01-21 08:22:52.183   545  1531 W InputManager-JNI: Input channel object 'a31dd6e com.example.presentation.test/androidx.activity.ComponentActivity (client)' was disposed without first being removed with the input manager!
01-21 08:22:52.186 17417 17417 D LifecycleMonitor: Lifecycle status change: androidx.test.core.app.InstrumentationActivityInvoker$EmptyActivity@1359946 in: STOPPED
01-21 08:22:52.186 17417 17417 D LifecycleMonitor: Lifecycle status change: androidx.test.core.app.InstrumentationActivityInvoker$EmptyActivity@1359946 in: DESTROYED
01-21 08:22:52.187 17417 17417 W WindowOnBackDispatcher: sendCancelIfRunning: isInProgress=false callback=android.view.ViewRootImpl$$ExternalSyntheticLambda11@27931cc
01-21 08:22:52.187   545  1531 W InputManager-JNI: Input channel object '13d6be7 com.example.presentation.test/androidx.test.core.app.InstrumentationActivityInvoker$EmptyActivity (client)' was disposed without first being removed with the input manager!
01-21 08:22:52.190 17417 17434 D IdlingRegistry: Unregistering idling resources: [androidx.compose.ui.test.EspressoLink@b7f3a12]
01-21 08:22:52.194 17417 17434 I TestRunner: finished: pokemonDetailScreen_displaysStats(com.example.presentation.detail.PokemonDetailScreenTest)
