01-21 08:22:45.418 17417 17434 I TestRunner: started: pokemonDetailScreen_displaysPokemonDetail(com.example.presentation.detail.PokemonDetailScreenTest)
01-21 08:22:45.435 17417 17434 W FileTestStorage: Output properties is not supported.
01-21 08:22:45.436 17417 17434 I Tracing : Tracer added: class androidx.test.platform.tracing.AndroidXTracer
01-21 08:22:45.440 17417 17417 D EventInjectionStrategy: Creating injection strategy with input manager.
01-21 08:22:45.441 17417 17417 W esentation.test: Accessing hidden method Landroid/hardware/input/InputManager;->getInstance()Landroid/hardware/input/InputManager; (unsupported, reflection, allowed)
01-21 08:22:45.441 17417 17417 W esentation.test: Accessing hidden method Landroid/hardware/input/InputManager;->injectInputEvent(Landroid/view/InputEvent;I)Z (unsupported, reflection, allowed)
01-21 08:22:45.441 17417 17417 W esentation.test: Accessing hidden field Landroid/hardware/input/InputManager;->INJECT_INPUT_EVENT_MODE_WAIT_FOR_FINISH:I (unsupported, reflection, allowed)
01-21 08:22:45.444 17417 17417 W esentation.test: Accessing hidden method Landroid/os/MessageQueue;->next()Landroid/os/Message; (unsupported, reflection, allowed)
01-21 08:22:45.444 17417 17417 W esentation.test: Accessing hidden field Landroid/os/MessageQueue;->mMessages:Landroid/os/Message; (unsupported, reflection, allowed)
01-21 08:22:45.444 17417 17417 W esentation.test: Accessing hidden method Landroid/os/Message;->recycleUnchecked()V (unsupported, reflection, allowed)
01-21 08:22:45.444 17417 17434 D IdlingRegistry: Registering idling resources: [androidx.compose.ui.test.EspressoLink@23e0a98]
01-21 08:22:45.452 17417 17434 W Settings: Setting always_finish_activities has moved from android.provider.Settings.System to android.provider.Settings.Global, returning read-only value.
01-21 08:22:45.458   545  2160 V GrammaticalInflectionUtils: AttributionSource: android.content.AttributionSource@577dc81e does not have READ_SYSTEM_GRAMMATICAL_GENDER permission.
01-21 08:22:45.469  1212  1212 W SplitSelectStateCtor: Missing session instanceIds
01-21 08:22:45.469  1212  1212 D StatsLog: LAUNCHER_SPLIT_SELECTION_EXIT_INTERRUPTED
01-21 08:22:45.502  1212  1212 I TopTaskTracker: onTaskMovedToFront: (moved taskInfo to front) taskId=111, baseIntent=Intent { act=android.intent.action.MAIN cat=[android.intent.category.LAUNCHER] flg=0x10008000 cmp=com.example.presentation.test/androidx.activity.ComponentActivity }
01-21 08:22:45.540   389   389 I BpBinder: onLastStrongRef automatically unlinking death recipients:
01-21 08:22:45.568  1212  1514 D EGL_emulation: app_time_stats: avg=37039.09ms min=37039.09ms max=37039.09ms count=1
01-21 08:22:45.600 17417 17417 D LifecycleMonitor: Lifecycle status change: androidx.activity.ComponentActivity@89a986 in: PRE_ON_CREATE
01-21 08:22:45.601 17417 17417 V ActivityScenario: Activity lifecycle changed event received but ignored because the reported transition was not ON_CREATE while the last known transition was PRE_ON_CREATE
01-21 08:22:45.616 17417 17417 D CompatChangeReporter: Compat change id reported: 309578419; UID 10231; state: ENABLED
01-21 08:22:45.666 17417 17417 D LifecycleMonitor: Lifecycle status change: androidx.activity.ComponentActivity@89a986 in: CREATED
01-21 08:22:45.669 17417 17417 V ActivityScenario: Update currentActivityStage to CREATED, currentActivity=androidx.activity.ComponentActivity@89a986
01-21 08:22:45.670 17417 17417 D LifecycleMonitor: Lifecycle status change: androidx.activity.ComponentActivity@89a986 in: STARTED
01-21 08:22:45.673 17417 17417 V ActivityScenario: Update currentActivityStage to STARTED, currentActivity=androidx.activity.ComponentActivity@89a986
01-21 08:22:45.680 17417 17417 D CompatChangeReporter: Compat change id reported: 63938206; UID 10231; state: ENABLED
01-21 08:22:45.682 17417 17417 D LifecycleMonitor: Lifecycle status change: androidx.activity.ComponentActivity@89a986 in: RESUMED
01-21 08:22:45.682 17417 17417 V ActivityScenario: Update currentActivityStage to RESUMED, currentActivity=androidx.activity.ComponentActivity@89a986
01-21 08:22:45.697  1212  1514 D EGL_emulation: app_time_stats: avg=2023.33ms min=10.70ms max=38049.34ms count=19
01-21 08:22:45.698 17417 17417 W HWUI    : Unknown dataspace 0
01-21 08:22:45.729   389   738 W ServiceManagerCppClient: Permission failure: android.permission.ACCESS_SURFACE_FLINGER from uid=10231 pid=0
01-21 08:22:45.729   389   738 D PermissionCache: checking android.permission.ACCESS_SURFACE_FLINGER for uid=10231 => denied (101 us)
01-21 08:22:45.730   389   479 W ServiceManagerCppClient: Permission failure: android.permission.ROTATE_SURFACE_FLINGER from uid=10231 pid=17417
01-21 08:22:45.730   389   479 D PermissionCache: checking android.permission.ROTATE_SURFACE_FLINGER for uid=10231 => denied (108 us)
01-21 08:22:45.731   389   479 W ServiceManagerCppClient: Permission failure: android.permission.INTERNAL_SYSTEM_WINDOW from uid=10231 pid=17417
01-21 08:22:45.731   389   479 D PermissionCache: checking android.permission.INTERNAL_SYSTEM_WINDOW for uid=10231 => denied (1100 us)
01-21 08:22:45.732 17417 17437 I EGL_emulation: Opening libGLESv1_CM_emulation.so
01-21 08:22:45.732 17417 17437 I EGL_emulation: Opening libGLESv2_emulation.so
01-21 08:22:45.732   389   738 W ServiceManagerCppClient: Permission failure: android.permission.ROTATE_SURFACE_FLINGER from uid=10231 pid=0
01-21 08:22:45.732   389   738 D PermissionCache: checking android.permission.ROTATE_SURFACE_FLINGER for uid=10231 => denied (3514 us)
01-21 08:22:45.737 17417 17437 W HWUI    : Failed to choose config with EGL_SWAP_BEHAVIOR_PRESERVED, retrying without...
01-21 08:22:45.738 17417 17437 W HWUI    : Failed to initialize 101010-2 format, error = EGL_SUCCESS
01-21 08:22:45.749   125   125 I hwservicemanager: getTransport: Cannot find entry android.hardware.graphics.mapper@4.0::IMapper/default in either framework or device VINTF manifest.
01-21 08:22:45.749 17417 17437 I Gralloc4: mapper 4.x is not supported
01-21 08:22:45.810   545  2160 W ServiceManagerCppClient: Permission failure: android.permission.ACCESS_SURFACE_FLINGER from uid=10231 pid=0
01-21 08:22:45.810   545  2160 D PermissionCache: checking android.permission.ACCESS_SURFACE_FLINGER for uid=10231 => denied (77 us)
01-21 08:22:45.810   545  2160 W ServiceManagerCppClient: Permission failure: android.permission.ROTATE_SURFACE_FLINGER from uid=10231 pid=0
01-21 08:22:45.810   545  2160 D PermissionCache: checking android.permission.ROTATE_SURFACE_FLINGER for uid=10231 => denied (17 us)
01-21 08:22:45.810   545  2160 W ServiceManagerCppClient: Permission failure: android.permission.INTERNAL_SYSTEM_WINDOW from uid=10231 pid=0
01-21 08:22:45.810   545  2160 D PermissionCache: checking android.permission.INTERNAL_SYSTEM_WINDOW for uid=10231 => denied (15 us)
01-21 08:22:45.826   545   568 W ziparchive: Unable to open '/data/app/~~_RgRFkdpjuxVzypb_SWbcw==/com.example.presentation.test-s84CZniISWJixU0I2i7k0w==/base.dm': No such file or directory
01-21 08:22:45.832   545   568 I ActivityTaskManager: Displayed com.example.presentation.test/androidx.activity.ComponentActivity for user 0: +366ms
01-21 08:22:45.848   545   683 I ImeTracker: com.example.presentation.test:40980d27: onRequestHide at ORIGIN_SERVER reason HIDE_UNSPECIFIED_WINDOW fromUser false
01-21 08:22:45.848   545   683 I ImeTracker: com.example.presentation.test:40980d27: onCancelled at PHASE_SERVER_SHOULD_HIDE
01-21 08:22:45.855  6050  6050 I GoogleInputMethodService: GoogleInputMethodService.onFinishInput():3157
01-21 08:22:45.863  6050  6050 I GoogleInputMethodService: GoogleInputMethodService.updateDeviceLockedStatus():2248 repeatCheckTimes = 0, locked = false
01-21 08:22:45.864  6050  6050 I GoogleInputMethodService: GoogleInputMethodService.onStartInput():1986 onStartInput(EditorInfo{EditorInfo{packageName=com.example.presentation.test, inputType=0, inputTypeString=NULL, enableLearning=false, autoCorrection=false, autoComplete=false, imeOptions=0, privateImeOptions=null, actionName=UNSPECIFIED, actionLabel=null, initialSelStart=-1, initialSelEnd=-1, initialCapsMode=0, label=null, fieldId=0, fieldName=null, extras=null, hintText=null, hintLocales=[]}}, false)
01-21 08:22:45.866  6050  6050 I GoogleInputMethodService: GoogleInputMethodService.updateDeviceLockedStatus():2248 repeatCheckTimes = 1, locked = false
01-21 08:22:45.870  6050  6050 I AndroidIME: InputBundleManager.loadActiveInputBundleId():450 loadActiveInputBundleId: und-Latn-x-password, password
01-21 08:22:45.992  1212  1212 D VRI[NexusLauncherActivity]: visibilityChanged oldVisibility=true newVisibility=false
01-21 08:22:45.993  1212  1212 D NexusLauncherModelDelegate: notifySmartspaceEvent: SmartspaceTargetEvent{mSmartspaceTarget=null, mSmartspaceActionId='null', mEventType=7}
01-21 08:22:46.025  1212  1212 D BaseDepthController: setSurface:
01-21 08:22:46.025  1212  1212 D BaseDepthController: 	mWaitingOnSurfaceValidity: false
01-21 08:22:46.025  1212  1212 D BaseDepthController: 	mSurface: null
01-21 08:22:46.026  1212  1212 D BaseDepthController: mSurface is null and mCurrentBlur is: 23
01-21 08:22:46.026  1212  1212 D StatsLog: LAUNCHER_ONSTOP
01-21 08:22:46.027  1212  1212 D StatsLog: LAUNCHER_GOOGLE_SEARCH_RESTORE_LIST_SIZE_AFTER_ACTIVITY_RESTART
01-21 08:22:46.035  1212  2293 D GmsPlayProvider: Shut down the binder channel
01-21 08:22:46.039  1212  1858 D OneSearchSuggestProvider: Shut down the binder channel
01-21 08:22:46.040  1212  1229 I IPCThreadState: oneway function results for code 2 on binder at 0xb400007594385b40 will be dropped but finished with status UNKNOWN_TRANSACTION
01-21 08:22:46.123   929  1026 W WindowOnBackDispatcher: sendCancelIfRunning: isInProgress=false callback=android.view.ViewRootImpl$$ExternalSyntheticLambda11@f3a5bfd
01-21 08:22:46.128   545  1532 W InputManager-JNI: Input channel object '9c4e3b5 Splash Screen com.example.presentation.test (client)' was disposed without first being removed with the input manager!
01-21 08:22:46.139 17417 17434 W esentation.test: Suspending all threads took: 37.444ms
01-21 08:22:46.139 17417 17434 I esentation.test: Waiting for a blocking GC SystemWeakHolder
01-21 08:22:46.170 17417 17424 I esentation.test: Background concurrent mark compact GC freed 40MB AllocSpace bytes, 3(60KB) LOS objects, 49% free, 7299KB/14MB, paused 148us,708us total 122.831ms
01-21 08:22:46.171 17417 17434 I esentation.test: WaitForGcToComplete blocked SystemWeakHolder on Background for 31.358ms
01-21 08:22:46.172 17417 17434 D nativeloader: Load libmockkjvmtiagent.so using ns clns-9 from class loader (caller=<unknown>): ok
01-21 08:22:46.203  5735  5888 I FontLog : (REDACTED) Received query %s, URI %s
01-21 08:22:46.203  5735  5888 I FontLog : (REDACTED) Query [%s] resolved to %s
01-21 08:22:46.204  5735  5888 I FontLog : (REDACTED) Fetch %s end status %s
01-21 08:22:46.212  5735  5888 I FontLog : (REDACTED) Pulling font file for id = %d, cache size = %d
01-21 08:22:46.220  5735  5888 I FontLog : (REDACTED) Pulling font file for id = %d, cache size = %d
01-21 08:22:46.318   929  1073 D EGL_emulation: app_time_stats: avg=2786.02ms min=1.03ms max=38926.48ms count=14
01-21 08:22:46.448 17417 17434 W esentation.test: DexFile /data/user/0/com.example.presentation.test/cache/mockk-boot3898509850002572675.jar is in boot class path but is not in a known location
01-21 08:22:46.448 17417 17434 W esentation.test: Accessing hidden method Ldalvik/system/VMDebug;->allowHiddenApiReflectionFrom(Ljava/lang/Class;)V (unsupported, reflection, allowed)
01-21 08:22:47.030   545  1532 V GrammaticalInflectionUtils: AttributionSource: android.content.AttributionSource@577dc81e does not have READ_SYSTEM_GRAMMATICAL_GENDER permission.
01-21 08:22:47.035 17417 17417 D LifecycleMonitor: Lifecycle status change: androidx.activity.ComponentActivity@89a986 in: PAUSED
01-21 08:22:47.036 17417 17417 V ActivityScenario: Update currentActivityStage to PAUSED, currentActivity=androidx.activity.ComponentActivity@89a986
01-21 08:22:47.040   389   389 I BpBinder: onLastStrongRef automatically unlinking death recipients:
01-21 08:22:47.044 17417 17437 D EGL_emulation: app_time_stats: avg=618.82ms min=32.71ms max=1204.92ms count=2
01-21 08:22:47.050 17417 17417 D LifecycleMonitor: Lifecycle status change: androidx.test.core.app.InstrumentationActivityInvoker$EmptyActivity@f3db42a in: PRE_ON_CREATE
01-21 08:22:47.051 17417 17417 V ActivityScenario: Activity lifecycle changed event received but ignored because the intent does not match. startActivityIntent=Intent { act=android.intent.action.MAIN cat=[android.intent.category.LAUNCHER] flg=0x10008000 cmp=com.example.presentation.test/androidx.activity.ComponentActivity }, activity.getIntent()=Intent { act=android.intent.action.MAIN cat=[android.intent.category.LAUNCHER] flg=0x10000000 cmp=com.example.presentation.test/androidx.test.core.app.InstrumentationActivityInvoker$EmptyActivity }, activity=androidx.test.core.app.InstrumentationActivityInvoker$EmptyActivity@f3db42a
01-21 08:22:47.062 17417 17417 D LifecycleMonitor: Lifecycle status change: androidx.test.core.app.InstrumentationActivityInvoker$EmptyActivity@f3db42a in: CREATED
01-21 08:22:47.063 17417 17417 V ActivityScenario: Activity lifecycle changed event received but ignored because the intent does not match. startActivityIntent=Intent { act=android.intent.action.MAIN cat=[android.intent.category.LAUNCHER] flg=0x10008000 cmp=com.example.presentation.test/androidx.activity.ComponentActivity }, activity.getIntent()=Intent { act=android.intent.action.MAIN cat=[android.intent.category.LAUNCHER] flg=0x10000000 cmp=com.example.presentation.test/androidx.test.core.app.InstrumentationActivityInvoker$EmptyActivity }, activity=androidx.test.core.app.InstrumentationActivityInvoker$EmptyActivity@f3db42a
01-21 08:22:47.064 17417 17417 D LifecycleMonitor: Lifecycle status change: androidx.test.core.app.InstrumentationActivityInvoker$EmptyActivity@f3db42a in: STARTED
01-21 08:22:47.064 17417 17417 V ActivityScenario: Activity lifecycle changed event received but ignored because the intent does not match. startActivityIntent=Intent { act=android.intent.action.MAIN cat=[android.intent.category.LAUNCHER] flg=0x10008000 cmp=com.example.presentation.test/androidx.activity.ComponentActivity }, activity.getIntent()=Intent { act=android.intent.action.MAIN cat=[android.intent.category.LAUNCHER] flg=0x10000000 cmp=com.example.presentation.test/androidx.test.core.app.InstrumentationActivityInvoker$EmptyActivity }, activity=androidx.test.core.app.InstrumentationActivityInvoker$EmptyActivity@f3db42a
01-21 08:22:47.066 17417 17417 D LifecycleMonitor: Lifecycle status change: androidx.test.core.app.InstrumentationActivityInvoker$EmptyActivity@f3db42a in: RESUMED
01-21 08:22:47.066 17417 17417 V ActivityScenario: Activity lifecycle changed event received but ignored because the intent does not match. startActivityIntent=Intent { act=android.intent.action.MAIN cat=[android.intent.category.LAUNCHER] flg=0x10008000 cmp=com.example.presentation.test/androidx.activity.ComponentActivity }, activity.getIntent()=Intent { act=android.intent.action.MAIN cat=[android.intent.category.LAUNCHER] flg=0x10000000 cmp=com.example.presentation.test/androidx.test.core.app.InstrumentationActivityInvoker$EmptyActivity }, activity=androidx.test.core.app.InstrumentationActivityInvoker$EmptyActivity@f3db42a
01-21 08:22:47.095   545   568 I ActivityTaskManager: Displayed com.example.presentation.test/androidx.test.core.app.InstrumentationActivityInvoker$EmptyActivity for user 0: +59ms
01-21 08:22:47.102  1212  1212 I TopTaskTracker: onTaskMovedToFront: (moved taskInfo to front) taskId=7, baseIntent=Intent { act=android.intent.action.MAIN cat=[android.intent.category.HOME] flg=0x10000100 cmp=com.google.android.apps.nexuslauncher/.NexusLauncherActivity }
01-21 08:22:47.103 17417 17417 D LifecycleMonitor: Lifecycle status change: androidx.test.core.app.InstrumentationActivityInvoker$EmptyActivity@f3db42a in: PAUSED
01-21 08:22:47.103 17417 17417 V ActivityScenario: Activity lifecycle changed event received but ignored because the intent does not match. startActivityIntent=Intent { act=android.intent.action.MAIN cat=[android.intent.category.LAUNCHER] flg=0x10008000 cmp=com.example.presentation.test/androidx.activity.ComponentActivity }, activity.getIntent()=Intent { act=android.intent.action.MAIN cat=[android.intent.category.LAUNCHER] flg=0x10000000 cmp=com.example.presentation.test/androidx.test.core.app.InstrumentationActivityInvoker$EmptyActivity }, activity=androidx.test.core.app.InstrumentationActivityInvoker$EmptyActivity@f3db42a
01-21 08:22:47.107   389   389 I BpBinder: onLastStrongRef automatically unlinking death recipients:
01-21 08:22:47.110 17417 17424 I esentation.test: Background concurrent mark compact GC freed 4964KB AllocSpace bytes, 13(516KB) LOS objects, 49% free, 11MB/22MB, paused 979us,753us total 381.736ms
01-21 08:22:47.113 17417 17417 D VRI[ComponentActivity]: visibilityChanged oldVisibility=true newVisibility=false
01-21 08:22:47.115  1212  1212 D StatsLog: LAUNCHER_ONRESUME
01-21 08:22:47.123   545  1473 W AppSearchIcing: icing-search-engine.cc:321: Error: 5, Message: Document (com.google.android.googlequicksearchbox$OneSearchZeroStateGoogleSuggestions/default, zp) not found.
01-21 08:22:47.127  1212  1212 D NexusLauncherModelDelegate: notifySmartspaceEvent: SmartspaceTargetEvent{mSmartspaceTarget=null, mSmartspaceActionId='null', mEventType=6}
01-21 08:22:47.128  1212  1212 D BaseDepthController: mSurface is null and mCurrentBlur is: 23
01-21 08:22:47.132  1212  1265 D QuickstepModelDelegate: notifyAppTargetEvent action=1 launchLocation=
01-21 08:22:47.133  1212  1858 D OneSearchSuggestProvider: AppSearch 0-state cache not available, fallback to AGA
01-21 08:22:47.133  1212  1858 D OneSearchSuggestProvider: java.util.concurrent.CompletionException: java.util.NoSuchElementException: No value present
01-21 08:22:47.133  1212  1858 D OneSearchSuggestProvider: 	at java.util.concurrent.CompletableFuture.encodeThrowable(CompletableFuture.java:308)
01-21 08:22:47.133  1212  1858 D OneSearchSuggestProvider: 	at java.util.concurrent.CompletableFuture.completeThrowable(CompletableFuture.java:323)
01-21 08:22:47.133  1212  1858 D OneSearchSuggestProvider: 	at java.util.concurrent.CompletableFuture$UniAccept.tryFire(CompletableFuture.java:684)
01-21 08:22:47.133  1212  1858 D OneSearchSuggestProvider: 	at java.util.concurrent.CompletableFuture.postComplete(CompletableFuture.java:486)
01-21 08:22:47.133  1212  1858 D OneSearchSuggestProvider: 	at java.util.concurrent.CompletableFuture.completeExceptionally(CompletableFuture.java:2138)
01-21 08:22:47.133  1212  1858 D OneSearchSuggestProvider: 	at com.google.android.apps.nexuslauncher.allapps.E0.onResult(go/retraceme 2855a437b73635ce9cad76b9289087e631bbb67fc90008a0da13d343a00e5041:67)
01-21 08:22:47.133  1212  1858 D OneSearchSuggestProvider: 	at android.app.appsearch.SearchSessionUtil$1.lambda$onResult$0(go/retraceme 64eee9e9f568ff45978879ad2ff83146f2618ee8a88278736fbdf5fae931976e:144)
01-21 08:22:47.133  1212  1858 D OneSearchSuggestProvider: 	at android.app.appsearch.SearchSessionUtil$1.$r8$lambda$CEk3q8sDAQVhU3rQwVueB8FAj_M(go/retraceme 64eee9e9f568ff45978879ad2ff83146f2618ee8a88278736fbdf5fae931976e:1)
01-21 08:22:47.133  1212  1858 D OneSearchSuggestProvider: 	at android.app.appsearch.SearchSessionUtil$1$$ExternalSyntheticLambda0.run(go/retraceme 64eee9e9f568ff45978879ad2ff83146f2618ee8a88278736fbdf5fae931976e:22)
01-21 08:22:47.133  1212  1858 D OneSearchSuggestProvider: 	at android.os.Handler.handleCallback(Handler.java:959)
01-21 08:22:47.133  1212  1858 D OneSearchSuggestProvider: 	at android.os.Handler.dispatchMessage(Handler.java:100)
01-21 08:22:47.133  1212  1858 D OneSearchSuggestProvider: 	at android.os.Looper.loopOnce(Looper.java:232)
01-21 08:22:47.133  1212  1858 D OneSearchSuggestProvider: 	at android.os.Looper.loop(Looper.java:317)
01-21 08:22:47.133  1212  1858 D OneSearchSuggestProvider: 	at android.os.HandlerThread.run(HandlerThread.java:85)
01-21 08:22:47.133  1212  1858 D OneSearchSuggestProvider: Caused by: java.util.NoSuchElementException: No value present
01-21 08:22:47.133  1212  1858 D OneSearchSuggestProvider: 	at java.util.Optional.get(Optional.java:143)
01-21 08:22:47.133  1212  1858 D OneSearchSuggestProvider: 	at com.google.android.apps.nexuslauncher.allapps.E0.onResult(go/retraceme 2855a437b73635ce9cad76b9289087e631bbb67fc90008a0da13d343a00e5041:28)
01-21 08:22:47.133  1212  1858 D OneSearchSuggestProvider: 	... 8 more
01-21 08:22:47.134  1435  1620 I AiAiEcho: Predicting[0]:  [CONTEXT sampling_count=5 ]
01-21 08:22:47.134  1435  1620 I AiAiEcho: EchoTargets:
01-21 08:22:47.134  1435  1620 I AiAiEcho: Filtered by AiAi flag check:
01-21 08:22:47.134  1435  1620 I AiAiEcho: [CONTEXT ratelimit_period="10 SECONDS" ]
01-21 08:22:47.134  1435  1620 I AiAiEcho: Ranked targets strategy: SORT, count: 0, ranking metadata:  [CONTEXT ratelimit_period="10 SECONDS" ]
01-21 08:22:47.134  1435  1620 I AiAiEcho: #remoteViewsTwiddler: feature disabled.
01-21 08:22:47.135  1212  1858 D OneSearchSuggestProvider: Created the binder channel successfully for end point service =com.google.android.apps.search.googleapp.search.suggest.plugins.onesearch.server.OneSearchSuggestService , mChannel=i1{delegate=f{logId=317, target=directaddress:///AndroidComponentAddress%5BIntent%20%7B%20act=grpc.io.action.BIND%20cmp=com.google.android.googlequicksearchbox/com.google.android.apps.search.googleapp.search.suggest.plugins.onesearch.server.OneSearchSuggestService%20%7D%5D}} , mOneSearchConnection=l2.Z@23e1f5
01-21 08:22:47.139  1435  1620 I AiAiEcho: #postPredictionTargets: Sending updates to UISurface home with targets# 0 (types=[])
01-21 08:22:47.147  1212  1212 D BaseDepthController: setSurface:
01-21 08:22:47.147  1212  1212 D BaseDepthController: 	mWaitingOnSurfaceValidity: false
01-21 08:22:47.147  1212  1212 D BaseDepthController: 	mSurface: Surface(name=com.google.android.apps.nexuslauncher/com.google.android.apps.nexuslauncher.NexusLauncherActivity)/@0x5b23036
01-21 08:22:47.152 11054 11054 I A       : (REDACTED) Created gRPC endpoint for service %s
01-21 08:22:47.161  1212  1212 D SsBaseTemplateCard: No text view can be set up
01-21 08:22:47.162  1212  1212 D SsBaseTemplateCard: Passed-in item info is null
01-21 08:22:47.162  1212  1212 D SsBaseTemplateCard: Passed-in item info is null
01-21 08:22:47.162  1212  1212 D SsBaseTemplateCard: Passed-in item info is null
01-21 08:22:47.162  1212  1212 I SsBaseTemplateCard: Secondary card pane is null
01-21 08:22:47.187   545   683 I ImeTracker: com.google.android.apps.nexuslauncher:5b6923aa: onRequestHide at ORIGIN_SERVER reason HIDE_UNSPECIFIED_WINDOW fromUser false
01-21 08:22:47.188   545   683 I ImeTracker: com.google.android.apps.nexuslauncher:5b6923aa: onCancelled at PHASE_SERVER_SHOULD_HIDE
01-21 08:22:47.203  6050  6050 I GoogleInputMethodService: GoogleInputMethodService.onFinishInput():3157
01-21 08:22:47.203  6050  6050 I GoogleInputMethodService: GoogleInputMethodService.updateDeviceLockedStatus():2248 repeatCheckTimes = 0, locked = false
01-21 08:22:47.204  6050  6050 I GoogleInputMethodService: GoogleInputMethodService.onStartInput():1986 onStartInput(EditorInfo{EditorInfo{packageName=com.google.android.apps.nexuslauncher, inputType=0, inputTypeString=NULL, enableLearning=false, autoCorrection=false, autoComplete=false, imeOptions=0, privateImeOptions=null, actionName=UNSPECIFIED, actionLabel=null, initialSelStart=-1, initialSelEnd=-1, initialCapsMode=0, label=null, fieldId=0, fieldName=null, extras=null, hintText=null, hintLocales=[]}}, false)
01-21 08:22:47.206  6050  6050 I GoogleInputMethodService: GoogleInputMethodService.updateDeviceLockedStatus():2248 repeatCheckTimes = 1, locked = false
01-21 08:22:47.206  6050  6050 I AndroidIME: InputBundleManager.loadActiveInputBundleId():450 loadActiveInputBundleId: und-Latn-x-password, password
01-21 08:22:47.232  1212  1514 D EGL_emulation: app_time_stats: avg=58.56ms min=1.11ms max=1123.09ms count=25
01-21 08:22:47.254 17417 17456 D TrafficStats: tagSocket(115) with statsTag=0xffffffff, statsUid=-1
01-21 08:22:47.261  1212  1212 D SearchTargetUtil: queryLength=0 size=15
01-21 08:22:47.261  1212  1212 D SearchTargetUtil: layoutType=short_icon_row resultType=131072 packageName=com.google.android.googlequicksearchbox extras=Bundle{suggestion_type=33,suggest_truncate_start=false,is_answer=false,is_entity=false,is_personal=false,suggest_raw_text=windows 11 24h2 cpu support,input_query=android.app.search.Query@145dcb7,group_id=web21086648,response_id=e2a61af5-649b-4131-a825-1132f0fa0a69,support_query_builder=false,} searchAction=windows 11 24h2 cpu support searchActionExtras=Bundle{learn_more_url=https://support.google.com/websearch/answer/106230?hl=106230,suggestion_action_text=Report this,should_start_for_result=true,allow_pinning=true,skip_logging_in_target_handler=true,suggestion_action_rpc=2,}ParentID: null targetID: 3e0d5e21-283f-4b06-b7da-b1c9428e0819
01-21 08:22:47.261  1212  1212 D SearchTargetUtil: layoutType=short_icon_row resultType=131072 packageName=com.google.android.googlequicksearchbox extras=Bundle{suggestion_type=33,suggest_truncate_start=false,is_answer=false,is_entity=false,is_personal=false,suggest_raw_text=cleveland wnba expansion,input_query=android.app.search.Query@145dcb7,group_id=web21086648,response_id=e2a61af5-649b-4131-a825-1132f0fa0a69,support_query_builder=false,} searchAction=cleveland wnba expansion searchActionExtras=Bundle{learn_more_url=https://support.google.com/websearch/answer/106230?hl=106230,suggestion_action_text=Report this,should_start_for_result=true,allow_pinning=true,skip_logging_in_target_handler=true,suggestion_action_rpc=2,}ParentID: null targetID: 2a1344b2-9c65-4806-b2f9-7eb8201a9b9e
01-21 08:22:47.261  1212  1212 D SearchTargetUtil: layoutType=extra_tall_icon_row resultType=131072 packageName=com.google.android.googlequicksearchbox extras=Bundle{bitmap_url=data:image/jpeg;base64,/9j/4AAQSkZJRgABAQAAAQABAAD/2wCEAAkGBwgHBgkIBwgKCgkLDRYPDQwMDRsUFRAWIB0iIiAdHx8kKDQsJCYxJx8fLT0tMTU3Ojo6Iys/RD84QzQ5OjcBCgoKDQwNGg8PGjclHyU3Nzc3Nzc3Nzc3Nzc3Nzc3Nzc3Nzc3Nzc3Nzc3Nzc3Nzc3Nzc3Nzc3Nzc3Nzc3Nzc3N//AABEIAHwAfAMBEQACEQEDEQH/xAAcAAACAwEBAQEAAAAAAAAAAAAGBwAEBQMCAQj/xABCEAABAwIEAwQHBQUGBwAAAAABAgMEBREABhIhEzFBByJRYRQyQlJxgZEVI6GxwTNicoLRJDRDU5KiFhdEc4PC8f/EABoBAAIDAQEAAAAAAAAAAAAAAAAEAgMFAQb/xAA5EQABAwIDBAgGAgEDBQAAAAABAAIDBBESITEFE0FRIjJhcYGhwfAGFCORsdFC4TMkUoIVNEOy8f/aAAwDAQACEQMRAD8AeOBCmBCmBCmBC5uvNsp1OLCR5nEXvawYnGwXQC42CzpFbYbB4aSq3tHYYypdswNOGMFx7Pfomm0ch62SH5ufKfHUUuVCGgj2Uq1kfTHGz7UmzigsO2/rZT3EDes5ZjnaZSwbfaCj/DGX/TFopduH+IHi39ow0vau8ftHpbh2qTQ/7jSk/mMRMe249Ygft6FG7pjoVvU/NUeYLsuMSE+LLgVik7VlhNqmEt99v7QaRruo5a8apRnyAF6VeCtsP09fTz5Mdny0KXkgkj1CuYcVKmBCmBCmBCmBCmBCmBChNhc4ELFqtdZiNOKS4hKEC63VmyU4yaraeF+5pxieffim4qYuGJ+QStzD2ilbi0UpHFVy9IeHd/lT/W3wwxTfD01QRLXv/wCI92Hh91YahsYwxBZkrLeba1RRW5RXJiKQHUtpd1KKD7SW07bDpscb1PFR0jt3C0NPvU6pV0jnHpFdc5ZMp+X8u0+pQKk5OMp0J4gSA2pJSVApty5dScXw1DpHlrhaygCt2hZUyzKydTqu9R6pMkPANuoiOKKysEpUrTqACbpJ/TFMk8olLA4BFyhR+iU+tZzRR8sF1mM53CqSlRLakglZIO+1uWGBI5kWORd71r1Ts69HanSsvVxie7Tr+kMJGl1tQBuLpJ32O23LFYqQ6zZG5H7IBWJSM61WnlKX3RMY918975K5/W+M6s+HqOpuWDA7s0+2n2smGVMjdc0zcq52i1IBDDpDgHejPGyx5jxHw/DGDKK/ZRtOMcfP++HcfAq0xxT9XIo4iS2pSNTat+oPMY1IKiOoZjjNwknxujNnLvi5QUwIUwIUwIXwkAXPLAhCuacyR6fEcdedKI6NtvWcPujGLUVE1ZN8pSa8T+c+XM+AT0MLY27yTwCVvouZO0F95cCOEwmCdKFOaW0noL+0v8vLHo6GgpdlsAGbjqeP9D3mqZpjIc9EV/8ADWX4ORJz0yhuidT2TIlJlEodUpKbkJcTsU8wNN035gkHE5KiUPuHZKglX+y6S5FYq9JYdcmMx+HKgLcVYLZdQFIF+Sel/MnHKkh4bIOKCr2YhSc2ZAcXEksxGXPvWlPWRwnUqupKhfZV9ST8TzxXTvLZAdUBZWV61TomR6VBiZrptPmpAcdL+hRTqJUpBSVCxGq1/LF8sbzK4lhIXSM1jZRplLHaHNMSvB51tHpEaQ0U6H1r/aJNrggXtYb7+WLJnv3Au33wQdFtZ0blQsmyp8iMzS63KfS0tNNXcS9StNlbDVdJUd7kYrgIdKGg3aOfBA1VWLCgZIolMp8qkMVSuVZwJdjqCSdJsFJuQe6BYeBNz446XOncXA2aEaoT7S6LAy3mNpFGcUyFtB4tJcJLCrnkeYBtt/8AMMU7jNERILjTvXWk6reyTnR12QiDU1cOck6UOEaQ6fdUOivz+OPK7R2VJs9/zdF1eI5D1HmE8yRsw3cia8CYiW1cbLHrJ8MNUlUypjxs8RySUsTo3WKtYZVamBCmBCxMxVNEVhxKnA2hCSp1ZOyUjGTtOqe21PDm93vzTdNEHHG7QJNNek9oGbGYSXhHiC5QFEDQ2OZA6rPh+gON+goY9l01tXHU8z+h71UJpTIb8FcDtW7Mc0lq7ztJdcCtwAmS3bmPBab+XIdCMO2ZVR34/hVapjZ5Mqq5VfYgFtceptsstGxC/vFpCjbw0Enobj6ZZFsjqoJbIczNTn6bSctoeE4UxtiSphIUV8N11AuVbJtpIvt8cPU7YzDeTS5Uhbit2PkZmsSKhDfmKjtSanJms6WwotrS4pt1I8iC0f5cLQTmEkhcBstZrsgoSU2cnVFZ8QtA/wDXFxrpOQRdVJvY3AWk+g1aS2vpx20uD8NOJNr3cQu4kJ1/JubKE6xMcLlQYhqC2XmnFOBqxBHcO6Rt0288MRzwyC2l124RBD7QcsyZTdfqdMeRXWGCy2GyVoUDfdJvYczuRcAnnil1LKBu2norlig+hOVrMWdG58RhuXUFPh9YeTdpA/e8EgWA67C29sMyBkcWE5BdRx2kZUjVVEqr0h1g1WClJqLTSrBXdvfyUBv4kW62wpTTFtmP0Oi4CufZ3mpya1wJK7zY43J/xkePx8fkeuPM7SpDsqpFRCPpu1HLs9R9k+wiojwO1CabDqX2kuINwoY1WPa9oc05FZ5BBsV0xJcXKS8GGFuK9kYi94Y0udoF0AuNgkx2o1tZCKa2s6nfvZFvd9lP13+Qwn8PUxqZn18vc332DL7p6oIjaImrrL7L3n6BTqhl+WiTJcjpceQp0BLhIvdtVvO25+mPQisAeWvFh71SV1do1cdj0h+kdpdOfMRoaoz0phRLik+xq5FXgb7+JxF8YLscBzR3Kl2fzZMiU7KV6SKTGlxmYyHXCtLAU4UpbBPMjiJ38hfpiNaAA3nxQ5MqnuJpVak02RZDUxxUiE5awUVd5xu/vBWpduoXtfSrCCis6zLFRqdOmShBebdVUoErYWbKRxDvsdKtepPuqSdrg4ELIp651SUuqzZMph+QQWkMPutIS2AAk8MqsCqxVZQJGqx5Y8xW7WlE5EDuiMuButKGlaWXeM1rM1WsQ7WebqDY5ofAbc+S0jT8in54nT7ccDaZviP0uSUQ/gVuUWuQ6uFoZ1symgC9FeAS41fkSORHOygSDY2O2PQRTRzNxxm4SDmOYbOCEM/dnUertu1GitoYqQ7y2k91Ej9Arz69fEaFPVFnRfouAoKpWfJFEyjIobMQxqm2sttSEICSkE94rB9sbjl+W7T6YPlDyclK2aFeFVkh9rhTwJFi+jQv732gVDrzvvhi7MjkhWmI1Yy45ArD0N6O24s8JTg08UD1k25i4PUfDlhephhrInwOOvlyPgpMeWODgnrlapNymG1NL1MvoDjZ+OPH7KkfE59JLq0//ffamKtgNpG8URY2kksfML+lpDV7A94/AYyNtTFlOGDVxTdGy8mI8Emcu0lnPOaqg5OmGNGCS7qSpIWReyAAryG58vPHp4Y/kKSOJozA8+PmqpH4nFyaIpkfKWWFUyNIrchpxSg06w1xnWFH3QhIsL77i25vthfGZpMRAVWqV1ar9ZzxMpNCdaCJDbpbJ0lPEXyLikH1bJBJHTfGgyJkAc8KVrJzRMuQYeW/sOMFNscIo4ifX1H/ABL+9fe/jjKkeXuLioLxDdj1uK9TKww2ZsfT6THULb+y6jrpJF0qHIgjZSSBBCpVbJUarIZam1WpuRmHA40ytTS9Ch11qbK/I3VuNjfHHNDgQeK6DY3XZeUYhSdFQqaHCP2gk6iP5VAp/DCX/TKS1sA81b8xLzWTLjzKPNZjTXhKjyCUx5QQEqCwL6HANrkAkKFgbEWBtqxNpbLEDd7FpxHJO09SXnC7VeZEcrcakR3ODMYuWHwLlN+YPik9
01-21 08:22:47.261  1212  1212 D SearchTargetUtil: layoutType=short_icon_row resultType=131072 packageName=com.google.android.googlequicksearchbox extras=Bundle{suggestion_type=33,suggest_truncate_start=false,is_answer=false,is_entity=false,is_personal=false,suggest_raw_text=usa hockey fights canada,input_query=android.app.search.Query@145dcb7,group_id=web21086648,response_id=e2a61af5-649b-4131-a825-1132f0fa0a69,support_query_builder=false,} searchAction=usa hockey fights canada searchActionExtras=Bundle{learn_more_url=https://support.google.com/websearch/answer/106230?hl=106230,suggestion_action_text=Report this,should_start_for_result=true,allow_pinning=true,skip_logging_in_target_handler=true,suggestion_action_rpc=2,}ParentID: null targetID: 9772631e-fd2a-4f69-9be3-e51fda7ef5fd
01-21 08:22:47.261  1212  1212 D SearchTargetUtil: layoutType=short_icon_row resultType=131072 packageName=com.google.android.googlequicksearchbox extras=Bundle{suggestion_type=33,suggest_truncate_start=false,is_answer=false,is_entity=false,is_personal=false,suggest_raw_text=nyt strands hints,input_query=android.app.search.Query@145dcb7,group_id=web21086648,response_id=e2a61af5-649b-4131-a825-1132f0fa0a69,support_query_builder=false,} searchAction=nyt strands hints searchActionExtras=Bundle{learn_more_url=https://support.google.com/websearch/answer/106230?hl=106230,suggestion_action_text=Report this,should_start_for_result=true,allow_pinning=true,skip_logging_in_target_handler=true,suggestion_action_rpc=2,}ParentID: null targetID: 834dc895-5f02-4c4a-a170-4e4269fd999d
01-21 08:22:47.261  1212  1212 D SearchTargetUtil: layoutType=short_icon_row resultType=131072 packageName=com.google.android.googlequicksearchbox extras=Bundle{suggestion_type=33,suggest_truncate_start=false,is_answer=false,is_entity=false,is_personal=false,suggest_raw_text=xrp price prediction,input_query=android.app.search.Query@145dcb7,group_id=web21086648,response_id=e2a61af5-649b-4131-a825-1132f0fa0a69,support_query_builder=false,} searchAction=xrp price prediction searchActionExtras=Bundle{learn_more_url=https://support.google.com/websearch/answer/106230?hl=106230,suggestion_action_text=Report this,should_start_for_result=true,allow_pinning=true,skip_logging_in_target_handler=true,suggestion_action_rpc=2,}ParentID: null targetID: 43080a94-e67e-4251-9989-fe8d9ea8d3c1
01-21 08:22:47.261  1212  1212 D SearchTargetUtil: layoutType=short_icon_row resultType=131072 packageName=com.google.android.googlequicksearchbox extras=Bundle{suggestion_type=33,suggest_truncate_start=false,is_answer=false,is_entity=false,is_personal=false,suggest_raw_text=when is easter this year,input_query=android.app.search.Query@145dcb7,group_id=web21086648,response_id=e2a61af5-649b-4131-a825-1132f0fa0a69,support_query_builder=false,} searchAction=when is easter this year searchActionExtras=Bundle{learn_more_url=https://support.google.com/websearch/answer/106230?hl=106230,suggestion_action_text=Report this,should_start_for_result=true,allow_pinning=true,skip_logging_in_target_handler=true,suggestion_action_rpc=2,}ParentID: null targetID: e915bec3-a051-4c5d-a659-807a1df10faf
01-21 08:22:47.261  1212  1212 D SearchTargetUtil: layoutType=short_icon_row resultType=131072 packageName=com.google.android.googlequicksearchbox extras=Bundle{suggestion_type=33,suggest_truncate_start=false,is_answer=false,is_entity=false,is_personal=false,suggest_raw_text=snow storm weather forecast,input_query=android.app.search.Query@145dcb7,group_id=web21086648,response_id=e2a61af5-649b-4131-a825-1132f0fa0a69,support_query_builder=false,} searchAction=snow storm weather forecast searchActionExtras=Bundle{learn_more_url=https://support.google.com/websearch/answer/106230?hl=106230,suggestion_action_text=Report this,should_start_for_result=true,allow_pinning=true,skip_logging_in_target_handler=true,suggestion_action_rpc=2,}ParentID: null targetID: d06b371d-4b71-4f62-862d-d2d42245653f
01-21 08:22:47.261  1212  1212 D SearchTargetUtil: layoutType=short_icon_row resultType=131072 packageName=com.google.android.googlequicksearchbox extras=Bundle{suggestion_type=33,suggest_truncate_start=false,is_answer=false,is_entity=false,is_personal=false,suggest_raw_text=santorini earthquakes,input_query=android.app.search.Query@145dcb7,group_id=web21086648,response_id=e2a61af5-649b-4131-a825-1132f0fa0a69,support_query_builder=false,} searchAction=santorini earthquakes searchActionExtras=Bundle{learn_more_url=https://support.google.com/websearch/answer/106230?hl=106230,suggestion_action_text=Report this,should_start_for_result=true,allow_pinning=true,skip_logging_in_target_handler=true,suggestion_action_rpc=2,}ParentID: null targetID: 3f3d409a-301c-49f2-990c-66a18b12992a
01-21 08:22:47.261  1212  1212 D SearchTargetUtil: layoutType=short_icon_row resultType=131072 packageName=com.google.android.googlequicksearchbox extras=Bundle{suggestion_type=33,suggest_truncate_start=false,is_answer=false,is_entity=false,is_personal=false,suggest_raw_text=christopher renstrom horoscopes,input_query=android.app.search.Query@145dcb7,group_id=web21086648,response_id=e2a61af5-649b-4131-a825-1132f0fa0a69,support_query_builder=false,} searchAction=christopher renstrom horoscopes searchActionExtras=Bundle{learn_more_url=https://support.google.com/websearch/answer/106230?hl=106230,suggestion_action_text=Report this,should_start_for_result=true,allow_pinning=true,skip_logging_in_target_handler=true,suggestion_action_rpc=2,}ParentID: null targetID: 4e445775-9b05-406e-81e5-67f2e2b2c74f
01-21 08:22:47.261  1212  1212 D SearchTargetUtil: layoutType=short_icon_row resultType=131072 packageName=com.google.android.googlequicksearchbox extras=Bundle{suggestion_type=33,suggest_truncate_start=false,is_answer=false,is_entity=false,is_personal=false,suggest_raw_text=income tax refunds,input_query=android.app.search.Query@145dcb7,group_id=web21086648,response_id=e2a61af5-649b-4131-a825-1132f0fa0a69,support_query_builder=false,} searchAction=income tax refunds searchActionExtras=Bundle{learn_more_url=https://support.google.com/websearch/answer/106230?hl=106230,suggestion_action_text=Report this,should_start_for_result=true,allow_pinning=true,skip_logging_in_target_handler=true,suggestion_action_rpc=2,}ParentID: null targetID: 8aad804b-43a6-4d86-b31a-1922c85f4396
01-21 08:22:47.261  1212  1212 D SearchTargetUtil: layoutType=short_icon_row resultType=131072 packageName=com.google.android.googlequicksearchbox extras=Bundle{suggestion_type=33,suggest_truncate_start=false,is_answer=false,is_entity=false,is_personal=false,suggest_raw_text=jacob kiplimo half marathon world record,input_query=android.app.search.Query@145dcb7,group_id=web21086648,response_id=e2a61af5-649b-4131-a825-1132f0fa0a69,support_query_builder=false,} searchAction=jacob kiplimo half marathon world record searchActionExtras=Bundle{learn_more_url=https://support.google.com/websearch/answer/106230?hl=106230,suggestion_action_text=Report this,should_start_for_result=true,allow_pinning=true,skip_logging_in_target_handler=true,suggestion_action_rpc=2,}ParentID: null targetID: 509a4a6b-810d-4614-8468-0d41b60c60cd
01-21 08:22:47.261  1212  1212 D SearchTargetUtil: layoutType=short_icon_row resultType=131072 packageName=com.google.android.googlequicksearchbox extras=Bundle{suggestion_type=33,suggest_truncate_start=false,is_answer=false,is_entity=false,is_personal=false,suggest_raw_text=wwe nxt vengeance day 2025,input_query=android.app.search.Query@145dcb7,group_id=web21086648,response_id=e2a61af5-649b-4131-a825-1132f0fa0a69,support_query_builder=false,} searchAction=wwe nxt vengeance day 2025 searchActionExtras=Bundle{learn_more_url=https://support.google.com/websearch/answer/106230?hl=106230,suggestion_action_text=Report this,should_start_for_result=true,allow_pinning=true,skip_logging_in_target_handler=true,suggestion_action_rpc=2,}ParentID: null targetID: 0bbc8c36-7b95-4fcc-8181-594568877c99
01-21 08:22:47.261  1212  1212 D SearchTargetUtil: layoutType=short_icon_row resultType=131072 packageName=com.google.android.googlequicksearchbox extras=Bundle{suggestion_type=33,suggest_truncate_start=false,is_answer=false,is_entity=false,is_personal=false,suggest_raw_text=indian health service layoffs,input_query=android.app.search.Query@145dcb7,group_id=web21086648,response_id=e2a61af5-649b-4131-a825-1132f0fa0a69,support_query_builder=false,} searchAction=indian health service layoffs searchActionExtras=Bundle{learn_more_url=https://support.google.com/websearch/answer/106230?hl=106230,suggestion_action_text=Report this,should_start_for_result=true,allow_pinning=true,skip_logging_in_target_handler=true,suggestion_action_rpc=2,}ParentID: null targetID: e1b28a3c-1e13-445d-955f-b89459448fe7
01-21 08:22:47.261  1212  1212 D SearchTargetUtil: layoutType=short_icon_row resultType=131072 packageName=com.google.android.googlequicksearchbox extras=Bundle{suggestion_type=33,suggest_truncate_start=false,is_answer=false,is_entity=false,is_personal=false,suggest_raw_text=delhi earthquakes,input_query=android.app.search.Query@145dcb7,group_id=web21086648,response_id=e2a61af5-649b-4131-a825-1132f0fa0a69,support_query_builder=false,} searchAction=delhi earthquakes searchActionExtras=Bundle{learn_more_url=https://support.google.com/websearch/answer/106230?hl=106230,suggestion_action_text=Report this,should_start_for_result=true,allow_pinning=true,skip_logging_in_target_handler=true,suggestion_action_rpc=2,}ParentID: null targetID: 13e2713b-37e8-447d-8c1b-927a7ffbdfdb
01-21 08:22:47.328   929  1073 D EGL_emulation: app_time_stats: avg=53.11ms min=8.40ms max=725.88ms count=19
01-21 08:22:47.371  1212  1226 W System  : A resource failed to call release.
01-21 08:22:47.371  1212  1226 W System  : A resource failed to call release.
01-21 08:22:47.371  1212  1226 W System  : A resource failed to call release.
01-21 08:22:47.371  1212  1226 W System  : A resource failed to call release.
01-21 08:22:47.371  1212  1226 W System  : A resource failed to call release.
01-21 08:22:47.371  1212  1226 W System  : A resource failed to call release.
01-21 08:22:47.371  1212  1226 W System  : A resource failed to call release.
01-21 08:22:47.371  1212  1226 W System  : A resource failed to call release.
01-21 08:22:47.371  1212  1226 W System  : A resource failed to call release.
01-21 08:22:47.612 17417 17417 D VRI[InstrumentationActivityInvoker$EmptyActivity]: visibilityChanged oldVisibility=true newVisibility=false
01-21 08:22:47.632 17417 17417 D LifecycleMonitor: Lifecycle status change: androidx.activity.ComponentActivity@89a986 in: STOPPED
01-21 08:22:47.633 17417 17417 V ActivityScenario: Update currentActivityStage to STOPPED, currentActivity=androidx.activity.ComponentActivity@89a986
01-21 08:22:47.649 17417 17417 D LifecycleMonitor: Lifecycle status change: androidx.activity.ComponentActivity@89a986 in: DESTROYED
01-21 08:22:47.649 17417 17417 V ActivityScenario: Update currentActivityStage to DESTROYED, currentActivity=null
01-21 08:22:47.650 17417 17417 W WindowOnBackDispatcher: sendCancelIfRunning: isInProgress=false callback=android.view.ViewRootImpl$$ExternalSyntheticLambda11@71a1ea5
01-21 08:22:47.652   545  1532 W InputManager-JNI: Input channel object '11ce208 com.example.presentation.test/androidx.activity.ComponentActivity (client)' was disposed without first being removed with the input manager!
01-21 08:22:47.655 17417 17417 D LifecycleMonitor: Lifecycle status change: androidx.test.core.app.InstrumentationActivityInvoker$EmptyActivity@f3db42a in: STOPPED
01-21 08:22:47.656 17417 17417 D LifecycleMonitor: Lifecycle status change: androidx.test.core.app.InstrumentationActivityInvoker$EmptyActivity@f3db42a in: DESTROYED
01-21 08:22:47.656 17417 17417 W WindowOnBackDispatcher: sendCancelIfRunning: isInProgress=false callback=android.view.ViewRootImpl$$ExternalSyntheticLambda11@a5aebef
01-21 08:22:47.659   545  2160 W InputManager-JNI: Input channel object 'b57da5f com.example.presentation.test/androidx.test.core.app.InstrumentationActivityInvoker$EmptyActivity (client)' was disposed without first being removed with the input manager!
01-21 08:22:47.662  1212  1212 I TopTaskTracker: onTaskRemoved: taskId=111
01-21 08:22:47.662  1212  1212 I TopTaskTracker: onTaskRemoved: taskId=111
01-21 08:22:47.668 17417 17434 D IdlingRegistry: Unregistering idling resources: [androidx.compose.ui.test.EspressoLink@23e0a98]
01-21 08:22:47.669 17417 17434 I TestRunner: finished: pokemonDetailScreen_displaysPokemonDetail(com.example.presentation.detail.PokemonDetailScreenTest)
