01-21 08:22:52.195 17417 17434 I TestRunner: started: pokemonListScreen_displaysFeaturedPokemon(com.example.presentation.list.PokemonListScreenTest)
01-21 08:22:52.198 17417 17434 D IdlingRegistry: Registering idling resources: [androidx.compose.ui.test.EspressoLink@66bf7ce]
01-21 08:22:52.199 17417 17434 W Settings: Setting always_finish_activities has moved from android.provider.Settings.System to android.provider.Settings.Global, returning read-only value.
01-21 08:22:52.201   545  2162 V GrammaticalInflectionUtils: AttributionSource: android.content.AttributionSource@577dc81e does not have READ_SYSTEM_GRAMMATICAL_GENDER permission.
01-21 08:22:52.211  1212  1212 W SplitSelectStateCtor: Missing session instanceIds
01-21 08:22:52.211  1212  1212 D StatsLog: LAUNCHER_SPLIT_SELECTION_EXIT_INTERRUPTED
01-21 08:22:52.216   545   851 D InetDiagMessage: Destroyed 0 sockets, proto=IPPROTO_TCP, family=AF_INET, states=14
01-21 08:22:52.217   545   851 D InetDiagMessage: Destroyed 0 sockets, proto=IPPROTO_TCP, family=AF_INET6, states=14
01-21 08:22:52.218   545   851 D InetDiagMessage: Destroyed live tcp sockets for uids={10140} in 2ms
01-21 08:22:52.224   389   389 I BpBinder: onLastStrongRef automatically unlinking death recipients:
01-21 08:22:52.227 17417 17417 D LifecycleMonitor: Lifecycle status change: androidx.activity.ComponentActivity@d7d332 in: PRE_ON_CREATE
01-21 08:22:52.228  1212  1212 I TopTaskTracker: onTaskMovedToFront: (moved taskInfo to front) taskId=116, baseIntent=Intent { act=android.intent.action.MAIN cat=[android.intent.category.LAUNCHER] flg=0x10008000 cmp=com.example.presentation.test/androidx.activity.ComponentActivity }
01-21 08:22:52.228 17417 17417 V ActivityScenario: Activity lifecycle changed event received but ignored because the reported transition was not ON_CREATE while the last known transition was PRE_ON_CREATE
01-21 08:22:52.234 17417 17417 D LifecycleMonitor: Lifecycle status change: androidx.activity.ComponentActivity@d7d332 in: CREATED
01-21 08:22:52.235 17417 17417 V ActivityScenario: Update currentActivityStage to CREATED, currentActivity=androidx.activity.ComponentActivity@d7d332
01-21 08:22:52.235 17417 17417 D LifecycleMonitor: Lifecycle status change: androidx.activity.ComponentActivity@d7d332 in: STARTED
01-21 08:22:52.236 17417 17417 V ActivityScenario: Update currentActivityStage to STARTED, currentActivity=androidx.activity.ComponentActivity@d7d332
01-21 08:22:52.237 17417 17417 D LifecycleMonitor: Lifecycle status change: androidx.activity.ComponentActivity@d7d332 in: RESUMED
01-21 08:22:52.237 17417 17417 V ActivityScenario: Update currentActivityStage to RESUMED, currentActivity=androidx.activity.ComponentActivity@d7d332
01-21 08:22:52.257   545   568 W ziparchive: Unable to open '/data/app/~~_RgRFkdpjuxVzypb_SWbcw==/com.example.presentation.test-s84CZniISWJixU0I2i7k0w==/base.dm': No such file or directory
01-21 08:22:52.269   545   568 I ActivityTaskManager: Displayed com.example.presentation.test/androidx.activity.ComponentActivity for user 0: +55ms
01-21 08:22:52.297   545   683 I ImeTracker: com.example.presentation.test:ac9c76e5: onRequestHide at ORIGIN_SERVER reason HIDE_UNSPECIFIED_WINDOW fromUser false
01-21 08:22:52.298   545   683 I ImeTracker: com.example.presentation.test:ac9c76e5: onCancelled at PHASE_SERVER_SHOULD_HIDE
01-21 08:22:52.303  6050  6050 I GoogleInputMethodService: GoogleInputMethodService.onFinishInput():3157
01-21 08:22:52.305  6050  6050 I GoogleInputMethodService: GoogleInputMethodService.updateDeviceLockedStatus():2248 repeatCheckTimes = 0, locked = false
01-21 08:22:52.305  6050  6050 I GoogleInputMethodService: GoogleInputMethodService.onStartInput():1986 onStartInput(EditorInfo{EditorInfo{packageName=com.example.presentation.test, inputType=0, inputTypeString=NULL, enableLearning=false, autoCorrection=false, autoComplete=false, imeOptions=0, privateImeOptions=null, actionName=UNSPECIFIED, actionLabel=null, initialSelStart=-1, initialSelEnd=-1, initialCapsMode=0, label=null, fieldId=0, fieldName=null, extras=null, hintText=null, hintLocales=[]}}, false)
01-21 08:22:52.305  6050  6050 I GoogleInputMethodService: GoogleInputMethodService.updateDeviceLockedStatus():2248 repeatCheckTimes = 1, locked = false
01-21 08:22:52.306  6050  6050 I AndroidIME: InputBundleManager.loadActiveInputBundleId():450 loadActiveInputBundleId: und-Latn-x-password, password
01-21 08:22:52.539   545   556 I system_server: NativeAlloc concurrent mark compact GC freed 15MB AllocSpace bytes, 17(472KB) LOS objects, 44% free, 29MB/53MB, paused 546us,1.268ms total 220.088ms
01-21 08:22:52.548   929  1026 W WindowOnBackDispatcher: sendCancelIfRunning: isInProgress=false callback=android.view.ViewRootImpl$$ExternalSyntheticLambda11@9670606
01-21 08:22:52.548  1212  1212 D VRI[NexusLauncherActivity]: visibilityChanged oldVisibility=true newVisibility=false
01-21 08:22:52.550   545  1532 W InputManager-JNI: Input channel object '401d3db Splash Screen com.example.presentation.test (client)' was disposed without first being removed with the input manager!
01-21 08:22:52.556   545   558 W system_server: ApkAssets: Deleting an ApkAssets object '<empty> and /system_ext/app/AccessibilityMenu/AccessibilityMenu.apk' with 1 weak references
01-21 08:22:52.559 17417 17434 W SurfaceComposerClient: Sync transaction timed out waiting for commit callback.
01-21 08:22:52.560  1212  1212 D NexusLauncherModelDelegate: notifySmartspaceEvent: SmartspaceTargetEvent{mSmartspaceTarget=null, mSmartspaceActionId='null', mEventType=7}
01-21 08:22:52.571   545   558 W system_server: ApkAssets: Deleting an ApkAssets object '/product/overlay/AccessibilityMenu__sdk_gphone64_arm64__auto_generated_rro_product.apk' with 1 weak references
01-21 08:22:52.571   545   558 W system_server: ApkAssets: Deleting an ApkAssets object '<empty> and /product/app/talkback/talkback.apk' with 1 weak references
01-21 08:22:52.572   545   558 W system_server: ApkAssets: Deleting an ApkAssets object '/vendor/overlay/EmulatorTalkBackOverlay/EmulatorTalkBackOverlay.apk' with 1 weak references
01-21 08:22:52.572   545   558 W system_server: ApkAssets: Deleting an ApkAssets object '<empty> and /data/app/~~uutogRtApoVeB_OpWJIj_A==/com.google.android.gms-E1n8CUQQD3W5KBO6jA86VA==/base.apk' with 1 weak references
01-21 08:22:52.573   545   558 W system_server: ApkAssets: Deleting an ApkAssets object '<empty> and /data/app/~~uutogRtApoVeB_OpWJIj_A==/com.google.android.gms-E1n8CUQQD3W5KBO6jA86VA==/split_CronetDynamite_installtime.apk' with 1 weak references
01-21 08:22:52.573   545   558 W system_server: ApkAssets: Deleting an ApkAssets object '<empty> and /data/app/~~uutogRtApoVeB_OpWJIj_A==/com.google.android.gms-E1n8CUQQD3W5KBO6jA86VA==/split_DynamiteLoader_installtime.apk' with 1 weak references
01-21 08:22:52.573   545   558 W system_server: ApkAssets: Deleting an ApkAssets object '<empty> and /data/app/~~uutogRtApoVeB_OpWJIj_A==/com.google.android.gms-E1n8CUQQD3W5KBO6jA86VA==/split_DynamiteModulesA_installtime.apk' with 1 weak references
01-21 08:22:52.573   545   558 W system_server: ApkAssets: Deleting an ApkAssets object '<empty> and /data/app/~~uutogRtApoVeB_OpWJIj_A==/com.google.android.gms-E1n8CUQQD3W5KBO6jA86VA==/split_DynamiteModulesC_installtime.apk' with 1 weak references
01-21 08:22:52.573   545   558 W system_server: ApkAssets: Deleting an ApkAssets object '<empty> and /data/app/~~uutogRtApoVeB_OpWJIj_A==/com.google.android.gms-E1n8CUQQD3W5KBO6jA86VA==/split_GoogleCertificates_installtime.apk' with 1 weak references
01-21 08:22:52.573   545   558 W system_server: ApkAssets: Deleting an ApkAssets object '<empty> and /data/app/~~uutogRtApoVeB_OpWJIj_A==/com.google.android.gms-E1n8CUQQD3W5KBO6jA86VA==/split_MapsDynamite_installtime.apk' with 1 weak references
01-21 08:22:52.573   545   558 W system_server: ApkAssets: Deleting an ApkAssets object '<empty> and /data/app/~~uutogRtApoVeB_OpWJIj_A==/com.google.android.gms-E1n8CUQQD3W5KBO6jA86VA==/split_MeasurementDynamite_installtime.apk' with 1 weak references
01-21 08:22:52.573   545   558 W system_server: ApkAssets: Deleting an ApkAssets object '<empty> and /data/app/~~uutogRtApoVeB_OpWJIj_A==/com.google.android.gms-E1n8CUQQD3W5KBO6jA86VA==/split_all_locale_splits.apk' with 1 weak references
01-21 08:22:52.573   545   558 W system_server: ApkAssets: Deleting an ApkAssets object '<empty> and /data/app/~~uutogRtApoVeB_OpWJIj_A==/com.google.android.gms-E1n8CUQQD3W5KBO6jA86VA==/split_config.en.apk' with 1 weak references
01-21 08:22:52.573   545   558 W system_server: ApkAssets: Deleting an ApkAssets object '<empty> and /data/app/~~uutogRtApoVeB_OpWJIj_A==/com.google.android.gms-E1n8CUQQD3W5KBO6jA86VA==/split_config.xxhdpi.apk' with 1 weak references
01-21 08:22:52.573   545   558 W system_server: ApkAssets: Deleting an ApkAssets object '<empty> and /product/app/PrebuiltGmail/PrebuiltGmail.apk' with 1 weak references
01-21 08:22:52.581  1212  1212 D BaseDepthController: setSurface:
01-21 08:22:52.581  1212  1212 D BaseDepthController: 	mWaitingOnSurfaceValidity: false
01-21 08:22:52.581  1212  1212 D BaseDepthController: 	mSurface: null
01-21 08:22:52.581  1212  1212 D BaseDepthController: mSurface is null and mCurrentBlur is: 23
01-21 08:22:52.582  1212  1212 D StatsLog: LAUNCHER_ONSTOP
01-21 08:22:52.582  1212  1212 D StatsLog: LAUNCHER_GOOGLE_SEARCH_RESTORE_LIST_SIZE_AFTER_ACTIVITY_RESTART
01-21 08:22:52.582  1212  1858 D OneSearchSuggestProvider: Shut down the binder channel
01-21 08:22:52.583  1212  1228 I IPCThreadState: oneway function results for code 2 on binder at 0xb40000759438d2e0 will be dropped but finished with status UNKNOWN_TRANSACTION
01-21 08:22:52.584  1212  2293 D GmsPlayProvider: Shut down the binder channel
01-21 08:22:52.584 11054 12776 I IPCThreadState: oneway function results for code 2 on binder at 0xb400007594358030 will be dropped but finished with status UNKNOWN_TRANSACTION
01-21 08:22:52.589   545   558 W system_server: ApkAssets: Deleting an ApkAssets object '<empty> and /product/app/Drive/Drive.apk' with 1 weak references
01-21 08:22:52.590   545   558 W system_server: ApkAssets: Deleting an ApkAssets object '<empty> and /product/app/CalendarGooglePrebuilt/CalendarGooglePrebuilt.apk' with 1 weak references
01-21 08:22:52.592   545   558 W system_server: ApkAssets: Deleting an ApkAssets object '<empty> and /product/app/LatinIMEGooglePrebuilt/LatinIMEGooglePrebuilt.apk' with 1 weak references
01-21 08:22:52.597   929  1026 W FrameTracker: Missed SF frame:PREDICTION_ERROR, 1159775, 0, CUJ=J<SPLASHSCREEN_EXIT_ANIM>
01-21 08:22:52.597   929  1026 W FrameTracker: Missing HWUI jank callback for vsyncId: 1159775, CUJ=J<SPLASHSCREEN_EXIT_ANIM>
01-21 08:22:52.597   929  1026 W FrameTracker: Missed SF frame:PREDICTION_ERROR, 1159804, 9730915, CUJ=J<SPLASHSCREEN_EXIT_ANIM>
01-21 08:22:52.597   929  1026 W FrameTracker: Missing HWUI jank callback for vsyncId: 1159833, CUJ=J<SPLASHSCREEN_EXIT_ANIM>
01-21 08:22:52.597   929  1026 W FrameTracker: Missed SF frame:PREDICTION_ERROR, 1159862, 5891666, CUJ=J<SPLASHSCREEN_EXIT_ANIM>
01-21 08:22:52.597   929  1026 W FrameTracker: Missing HWUI jank callback for vsyncId: 1159913, CUJ=J<SPLASHSCREEN_EXIT_ANIM>
01-21 08:22:52.597   929  1026 W FrameTracker: Missed SF frame:PREDICTION_ERROR, 1159935, 5369793, CUJ=J<SPLASHSCREEN_EXIT_ANIM>
01-21 08:22:52.597   929  1026 W FrameTracker: Missed SF frame:PREDICTION_ERROR, 1159979, 5306711, CUJ=J<SPLASHSCREEN_EXIT_ANIM>
01-21 08:22:52.597   929  1026 W FrameTracker: Missed SF frame:PREDICTION_ERROR, 1160001, 5262587, CUJ=J<SPLASHSCREEN_EXIT_ANIM>
01-21 08:22:52.597   929  1026 W FrameTracker: Missed SF frame:PREDICTION_ERROR, 1160045, 5249922, CUJ=J<SPLASHSCREEN_EXIT_ANIM>
01-21 08:22:52.597   929  1026 W FrameTracker: Missed SF frame:PREDICTION_ERROR, 1160111, 4812007, CUJ=J<SPLASHSCREEN_EXIT_ANIM>
01-21 08:22:52.597   545   558 W system_server: ApkAssets: Deleting an ApkAssets object '<empty> and /product/app/GoogleTTS/GoogleTTS.apk' with 1 weak references
01-21 08:22:52.598   545   558 W System  : A resource failed to call release.
01-21 08:22:52.598   545   558 W System  : A resource failed to call HardwareBuffer.close.
01-21 08:22:52.598   545   558 W System  : A resource failed to call release.
01-21 08:22:52.598   545   558 W System  : A resource failed to call HardwareBuffer.close.
01-21 08:22:52.598   545   558 W System  : A resource failed to call release.
01-21 08:22:52.598   545   558 W System  : A resource failed to call HardwareBuffer.close.
01-21 08:22:52.598   545   558 W System  : A resource failed to call release.
01-21 08:22:52.598   545   558 W System  : A resource failed to call HardwareBuffer.close.
01-21 08:22:52.598   545   558 W System  : A resource failed to call release.
01-21 08:22:52.599   545   558 W System  : A resource failed to call release.
01-21 08:22:52.734   929  1073 D EGL_emulation: app_time_stats: avg=92.58ms min=2.04ms max=870.23ms count=11
01-21 08:22:52.767   545  2162 V GrammaticalInflectionUtils: AttributionSource: android.content.AttributionSource@577dc81e does not have READ_SYSTEM_GRAMMATICAL_GENDER permission.
01-21 08:22:52.770 17417 17417 D LifecycleMonitor: Lifecycle status change: androidx.activity.ComponentActivity@d7d332 in: PAUSED
01-21 08:22:52.770 17417 17417 V ActivityScenario: Update currentActivityStage to PAUSED, currentActivity=androidx.activity.ComponentActivity@d7d332
01-21 08:22:52.785 17417 17417 D LifecycleMonitor: Lifecycle status change: androidx.test.core.app.InstrumentationActivityInvoker$EmptyActivity@54c36cd in: PRE_ON_CREATE
01-21 08:22:52.785 17417 17417 V ActivityScenario: Activity lifecycle changed event received but ignored because the intent does not match. startActivityIntent=Intent { act=android.intent.action.MAIN cat=[android.intent.category.LAUNCHER] flg=0x10008000 cmp=com.example.presentation.test/androidx.activity.ComponentActivity }, activity.getIntent()=Intent { act=android.intent.action.MAIN cat=[android.intent.category.LAUNCHER] flg=0x10000000 cmp=com.example.presentation.test/androidx.test.core.app.InstrumentationActivityInvoker$EmptyActivity }, activity=androidx.test.core.app.InstrumentationActivityInvoker$EmptyActivity@54c36cd
01-21 08:22:52.787 17417 17417 D LifecycleMonitor: Lifecycle status change: androidx.test.core.app.InstrumentationActivityInvoker$EmptyActivity@54c36cd in: CREATED
01-21 08:22:52.787 17417 17417 V ActivityScenario: Activity lifecycle changed event received but ignored because the intent does not match. startActivityIntent=Intent { act=android.intent.action.MAIN cat=[android.intent.category.LAUNCHER] flg=0x10008000 cmp=com.example.presentation.test/androidx.activity.ComponentActivity }, activity.getIntent()=Intent { act=android.intent.action.MAIN cat=[android.intent.category.LAUNCHER] flg=0x10000000 cmp=com.example.presentation.test/androidx.test.core.app.InstrumentationActivityInvoker$EmptyActivity }, activity=androidx.test.core.app.InstrumentationActivityInvoker$EmptyActivity@54c36cd
01-21 08:22:52.787 17417 17417 D LifecycleMonitor: Lifecycle status change: androidx.test.core.app.InstrumentationActivityInvoker$EmptyActivity@54c36cd in: STARTED
01-21 08:22:52.787 17417 17417 V ActivityScenario: Activity lifecycle changed event received but ignored because the intent does not match. startActivityIntent=Intent { act=android.intent.action.MAIN cat=[android.intent.category.LAUNCHER] flg=0x10008000 cmp=com.example.presentation.test/androidx.activity.ComponentActivity }, activity.getIntent()=Intent { act=android.intent.action.MAIN cat=[android.intent.category.LAUNCHER] flg=0x10000000 cmp=com.example.presentation.test/androidx.test.core.app.InstrumentationActivityInvoker$EmptyActivity }, activity=androidx.test.core.app.InstrumentationActivityInvoker$EmptyActivity@54c36cd
01-21 08:22:52.788 17417 17417 D LifecycleMonitor: Lifecycle status change: androidx.test.core.app.InstrumentationActivityInvoker$EmptyActivity@54c36cd in: RESUMED
01-21 08:22:52.788 17417 17417 V ActivityScenario: Activity lifecycle changed event received but ignored because the intent does not match. startActivityIntent=Intent { act=android.intent.action.MAIN cat=[android.intent.category.LAUNCHER] flg=0x10008000 cmp=com.example.presentation.test/androidx.activity.ComponentActivity }, activity.getIntent()=Intent { act=android.intent.action.MAIN cat=[android.intent.category.LAUNCHER] flg=0x10000000 cmp=com.example.presentation.test/androidx.test.core.app.InstrumentationActivityInvoker$EmptyActivity }, activity=androidx.test.core.app.InstrumentationActivityInvoker$EmptyActivity@54c36cd
01-21 08:22:52.830   389   479 I BpBinder: onLastStrongRef automatically unlinking death recipients:
01-21 08:22:52.839   545   568 I ActivityTaskManager: Displayed com.example.presentation.test/androidx.test.core.app.InstrumentationActivityInvoker$EmptyActivity for user 0: +58ms
01-21 08:22:52.840 17417 17417 D VRI[ComponentActivity]: visibilityChanged oldVisibility=true newVisibility=false
01-21 08:22:52.840   389   389 I BpBinder: onLastStrongRef automatically unlinking death recipients:
01-21 08:22:52.848  1212  1212 I TopTaskTracker: onTaskMovedToFront: (moved taskInfo to front) taskId=7, baseIntent=Intent { act=android.intent.action.MAIN cat=[android.intent.category.HOME] flg=0x10000100 cmp=com.google.android.apps.nexuslauncher/.NexusLauncherActivity }
01-21 08:22:52.850 17417 17417 D LifecycleMonitor: Lifecycle status change: androidx.test.core.app.InstrumentationActivityInvoker$EmptyActivity@54c36cd in: PAUSED
01-21 08:22:52.850 17417 17417 V ActivityScenario: Activity lifecycle changed event received but ignored because the intent does not match. startActivityIntent=Intent { act=android.intent.action.MAIN cat=[android.intent.category.LAUNCHER] flg=0x10008000 cmp=com.example.presentation.test/androidx.activity.ComponentActivity }, activity.getIntent()=Intent { act=android.intent.action.MAIN cat=[android.intent.category.LAUNCHER] flg=0x10000000 cmp=com.example.presentation.test/androidx.test.core.app.InstrumentationActivityInvoker$EmptyActivity }, activity=androidx.test.core.app.InstrumentationActivityInvoker$EmptyActivity@54c36cd
01-21 08:22:52.870  1212  1212 D VRI[NexusLauncherActivity]: visibilityChanged oldVisibility=false newVisibility=true
01-21 08:22:52.871  1212  1212 D StatsLog: LAUNCHER_ONRESUME
01-21 08:22:52.875  1212  1212 D NexusLauncherModelDelegate: notifySmartspaceEvent: SmartspaceTargetEvent{mSmartspaceTarget=null, mSmartspaceActionId='null', mEventType=6}
01-21 08:22:52.875   545  1473 W AppSearchIcing: icing-search-engine.cc:321: Error: 5, Message: Document (com.google.android.googlequicksearchbox$OneSearchZeroStateGoogleSuggestions/default, zp) not found.
01-21 08:22:52.875  1212  1212 D BaseDepthController: mSurface is null and mCurrentBlur is: 23
01-21 08:22:52.882  1212  1858 D OneSearchSuggestProvider: AppSearch 0-state cache not available, fallback to AGA
01-21 08:22:52.882  1212  1858 D OneSearchSuggestProvider: java.util.concurrent.CompletionException: java.util.NoSuchElementException: No value present
01-21 08:22:52.882  1212  1858 D OneSearchSuggestProvider: 	at java.util.concurrent.CompletableFuture.encodeThrowable(CompletableFuture.java:308)
01-21 08:22:52.882  1212  1858 D OneSearchSuggestProvider: 	at java.util.concurrent.CompletableFuture.completeThrowable(CompletableFuture.java:323)
01-21 08:22:52.882  1212  1858 D OneSearchSuggestProvider: 	at java.util.concurrent.CompletableFuture$UniAccept.tryFire(CompletableFuture.java:684)
01-21 08:22:52.882  1212  1858 D OneSearchSuggestProvider: 	at java.util.concurrent.CompletableFuture.postComplete(CompletableFuture.java:486)
01-21 08:22:52.882  1212  1858 D OneSearchSuggestProvider: 	at java.util.concurrent.CompletableFuture.completeExceptionally(CompletableFuture.java:2138)
01-21 08:22:52.882  1212  1858 D OneSearchSuggestProvider: 	at com.google.android.apps.nexuslauncher.allapps.E0.onResult(go/retraceme 2855a437b73635ce9cad76b9289087e631bbb67fc90008a0da13d343a00e5041:67)
01-21 08:22:52.882  1212  1858 D OneSearchSuggestProvider: 	at android.app.appsearch.SearchSessionUtil$1.lambda$onResult$0(go/retraceme 64eee9e9f568ff45978879ad2ff83146f2618ee8a88278736fbdf5fae931976e:144)
01-21 08:22:52.882  1212  1858 D OneSearchSuggestProvider: 	at android.app.appsearch.SearchSessionUtil$1.$r8$lambda$CEk3q8sDAQVhU3rQwVueB8FAj_M(go/retraceme 64eee9e9f568ff45978879ad2ff83146f2618ee8a88278736fbdf5fae931976e:1)
01-21 08:22:52.882  1212  1858 D OneSearchSuggestProvider: 	at android.app.appsearch.SearchSessionUtil$1$$ExternalSyntheticLambda0.run(go/retraceme 64eee9e9f568ff45978879ad2ff83146f2618ee8a88278736fbdf5fae931976e:22)
01-21 08:22:52.882  1212  1858 D OneSearchSuggestProvider: 	at android.os.Handler.handleCallback(Handler.java:959)
01-21 08:22:52.882  1212  1858 D OneSearchSuggestProvider: 	at android.os.Handler.dispatchMessage(Handler.java:100)
01-21 08:22:52.882  1212  1858 D OneSearchSuggestProvider: 	at android.os.Looper.loopOnce(Looper.java:232)
01-21 08:22:52.882  1212  1858 D OneSearchSuggestProvider: 	at android.os.Looper.loop(Looper.java:317)
01-21 08:22:52.882  1212  1858 D OneSearchSuggestProvider: 	at android.os.HandlerThread.run(HandlerThread.java:85)
01-21 08:22:52.882  1212  1858 D OneSearchSuggestProvider: Caused by: java.util.NoSuchElementException: No value present
01-21 08:22:52.882  1212  1858 D OneSearchSuggestProvider: 	at java.util.Optional.get(Optional.java:143)
01-21 08:22:52.882  1212  1858 D OneSearchSuggestProvider: 	at com.google.android.apps.nexuslauncher.allapps.E0.onResult(go/retraceme 2855a437b73635ce9cad76b9289087e631bbb67fc90008a0da13d343a00e5041:28)
01-21 08:22:52.882  1212  1858 D OneSearchSuggestProvider: 	... 8 more
01-21 08:22:52.883  3894  3982 I BugleRcsEngine: handleMessage processing message:[NOTIFY_UPTIME_IGNORE_STATE_CHANGED] with [non-null]:RcsEngineImpl reference [CONTEXT log_prefix="RcsEngineImpl[DUAL_REG]:[c183d5c6-3e75]>Handler" thread_id=67 ]
01-21 08:22:52.884  1212  1212 D BaseDepthController: setSurface:
01-21 08:22:52.884  1212  1212 D BaseDepthController: 	mWaitingOnSurfaceValidity: false
01-21 08:22:52.884  1212  1212 D BaseDepthController: 	mSurface: Surface(name=com.google.android.apps.nexuslauncher/com.google.android.apps.nexuslauncher.NexusLauncherActivity)/@0x5b23036
01-21 08:22:52.888   545   851 W IPCThreadState: Sending oneway calls to frozen process.
01-21 08:22:52.888   545   851 W IPCThreadState: Sending oneway calls to frozen process.
01-21 08:22:52.889  3894  3944 I BugleRcsEngine: Connected state: [1], networkType: [WIFI] [CONTEXT thread_id=61 ]
01-21 08:22:52.899   545   851 W IPCThreadState: Sending oneway calls to frozen process.
01-21 08:22:52.902  1212  1858 D OneSearchSuggestProvider: Created the binder channel successfully for end point service =com.google.android.apps.search.googleapp.search.suggest.plugins.onesearch.server.OneSearchSuggestService , mChannel=i1{delegate=f{logId=337, target=directaddress:///AndroidComponentAddress%5BIntent%20%7B%20act=grpc.io.action.BIND%20cmp=com.google.android.googlequicksearchbox/com.google.android.apps.search.googleapp.search.suggest.plugins.onesearch.server.OneSearchSuggestService%20%7D%5D}} , mOneSearchConnection=l2.Z@5922f95
01-21 08:22:52.903   545   851 W IPCThreadState: Sending oneway calls to frozen process.
01-21 08:22:52.916   545   851 W IPCThreadState: Sending oneway calls to frozen process.
01-21 08:22:52.916 11054 11054 I A       : (REDACTED) Created gRPC endpoint for service %s
01-21 08:22:52.917   545   851 W IPCThreadState: Sending oneway calls to frozen process.
01-21 08:22:52.921  1435  1620 I AiAiEcho: Predicting[0]:  [CONTEXT sampling_count=5 ]
01-21 08:22:52.922  1212  1265 D QuickstepModelDelegate: notifyAppTargetEvent action=1 launchLocation=
01-21 08:22:52.934  1435  1620 I AiAiEcho: EchoTargets:
01-21 08:22:52.934  1435  1620 I AiAiEcho: Filtered by AiAi flag check:
01-21 08:22:52.934  1435  1620 I AiAiEcho: [CONTEXT ratelimit_period="10 SECONDS" ]
01-21 08:22:52.935  1435  1620 I AiAiEcho: Ranked targets strategy: SORT, count: 0, ranking metadata:  [CONTEXT ratelimit_period="10 SECONDS" ]
01-21 08:22:52.935  1435  1620 I AiAiEcho: #remoteViewsTwiddler: feature disabled.
01-21 08:22:52.936  1435  1620 I AiAiEcho: #postPredictionTargets: Sending updates to UISurface home with targets# 0 (types=[])
01-21 08:22:52.951   545   683 I ImeTracker: com.google.android.apps.nexuslauncher:cd77bcea: onRequestHide at ORIGIN_SERVER reason HIDE_UNSPECIFIED_WINDOW fromUser false
01-21 08:22:52.952   545   683 I ImeTracker: com.google.android.apps.nexuslauncher:cd77bcea: onCancelled at PHASE_SERVER_SHOULD_HIDE
01-21 08:22:52.953  6050  6050 I GoogleInputMethodService: GoogleInputMethodService.onFinishInput():3157
01-21 08:22:52.955  6050  6050 I GoogleInputMethodService: GoogleInputMethodService.updateDeviceLockedStatus():2248 repeatCheckTimes = 0, locked = false
01-21 08:22:52.955  6050  6050 I GoogleInputMethodService: GoogleInputMethodService.onStartInput():1986 onStartInput(EditorInfo{EditorInfo{packageName=com.google.android.apps.nexuslauncher, inputType=0, inputTypeString=NULL, enableLearning=false, autoCorrection=false, autoComplete=false, imeOptions=0, privateImeOptions=null, actionName=UNSPECIFIED, actionLabel=null, initialSelStart=-1, initialSelEnd=-1, initialCapsMode=0, label=null, fieldId=0, fieldName=null, extras=null, hintText=null, hintLocales=[]}}, false)
01-21 08:22:52.955  6050  6050 I GoogleInputMethodService: GoogleInputMethodService.updateDeviceLockedStatus():2248 repeatCheckTimes = 1, locked = false
01-21 08:22:52.956  6050  6050 I AndroidIME: InputBundleManager.loadActiveInputBundleId():450 loadActiveInputBundleId: und-Latn-x-password, password
01-21 08:22:52.973  1212  1514 D EGL_emulation: app_time_stats: avg=19.45ms min=0.78ms max=264.87ms count=44
01-21 08:22:52.977  3894  3982 I BugleRcsEngine: No RCS Configuration was found in Bugle for simID: redacted-pii:sim_id[chars:20,last3:897] [CONTEXT log_prefix="ProvisioningEngineDataRetriever" thread_id=67 ]
01-21 08:22:52.982  5735  5791 I NullBinder: NullBinder for android.net.action.RECOMMEND_NETWORKS triggering remote TransactionTooLargeException due to Service without Chimera impl
01-21 08:22:52.986  5735  5791 W .gms.persistent: Large reply transaction of 1056768 bytes, interface descriptor , code 1
01-21 08:22:53.019  1212  1212 D SearchTargetUtil: queryLength=0 size=15
01-21 08:22:53.019  1212  1212 D SearchTargetUtil: layoutType=short_icon_row resultType=131072 packageName=com.google.android.googlequicksearchbox extras=Bundle{suggestion_type=33,suggest_truncate_start=false,is_answer=false,is_entity=false,is_personal=false,suggest_raw_text=windows 11 24h2 cpu support,input_query=android.app.search.Query@80e46d6,group_id=web21092404,response_id=073b5db2-9c52-4a0b-8473-b088370807a6,support_query_builder=false,} searchAction=windows 11 24h2 cpu support searchActionExtras=Bundle{learn_more_url=https://support.google.com/websearch/answer/106230?hl=106230,suggestion_action_text=Report this,should_start_for_result=true,allow_pinning=true,skip_logging_in_target_handler=true,suggestion_action_rpc=2,}ParentID: null targetID: a310ce84-5649-47f8-b1aa-f4273094510c
01-21 08:22:53.019  1212  1212 D SearchTargetUtil: layoutType=short_icon_row resultType=131072 packageName=com.google.android.googlequicksearchbox extras=Bundle{suggestion_type=33,suggest_truncate_start=false,is_answer=false,is_entity=false,is_personal=false,suggest_raw_text=cleveland wnba expansion,input_query=android.app.search.Query@80e46d6,group_id=web21092404,response_id=073b5db2-9c52-4a0b-8473-b088370807a6,support_query_builder=false,} searchAction=cleveland wnba expansion searchActionExtras=Bundle{learn_more_url=https://support.google.com/websearch/answer/106230?hl=106230,suggestion_action_text=Report this,should_start_for_result=true,allow_pinning=true,skip_logging_in_target_handler=true,suggestion_action_rpc=2,}ParentID: null targetID: 74f011b7-9906-4b01-9cde-c05c9821a215
01-21 08:22:53.019  1212  1212 D SearchTargetUtil: layoutType=extra_tall_icon_row resultType=131072 packageName=com.google.android.googlequicksearchbox extras=Bundle{bitmap_url=data:image/jpeg;base64,/9j/4AAQSkZJRgABAQAAAQABAAD/2wCEAAkGBwgHBgkIBwgKCgkLDRYPDQwMDRsUFRAWIB0iIiAdHx8kKDQsJCYxJx8fLT0tMTU3Ojo6Iys/RD84QzQ5OjcBCgoKDQwNGg8PGjclHyU3Nzc3Nzc3Nzc3Nzc3Nzc3Nzc3Nzc3Nzc3Nzc3Nzc3Nzc3Nzc3Nzc3Nzc3Nzc3Nzc3N//AABEIAHwAfAMBEQACEQEDEQH/xAAcAAACAwEBAQEAAAAAAAAAAAAGBwAEBQMCAQj/xABCEAABAwIEAwQHBQUGBwAAAAABAgMEBREABhIhEzFBByJRYRQyQlJxgZEVI6GxwTNicoLRJDRDU5KiFhdEc4PC8f/EABoBAAIDAQEAAAAAAAAAAAAAAAAEAgMFAQb/xAA5EQABAwIDBAgGAgEDBQAAAAABAAIDBBESITEFE0FRIjJhcYGhwfAGFCORsdFC4TMkUoIVNEOy8f/aAAwDAQACEQMRAD8AeOBCmBCmBCmBC5uvNsp1OLCR5nEXvawYnGwXQC42CzpFbYbB4aSq3tHYYypdswNOGMFx7Pfomm0ch62SH5ufKfHUUuVCGgj2Uq1kfTHGz7UmzigsO2/rZT3EDes5ZjnaZSwbfaCj/DGX/TFopduH+IHi39ow0vau8ftHpbh2qTQ/7jSk/mMRMe249Ygft6FG7pjoVvU/NUeYLsuMSE+LLgVik7VlhNqmEt99v7QaRruo5a8apRnyAF6VeCtsP09fTz5Mdny0KXkgkj1CuYcVKmBCmBCmBCmBCmBCmBChNhc4ELFqtdZiNOKS4hKEC63VmyU4yaraeF+5pxieffim4qYuGJ+QStzD2ilbi0UpHFVy9IeHd/lT/W3wwxTfD01QRLXv/wCI92Hh91YahsYwxBZkrLeba1RRW5RXJiKQHUtpd1KKD7SW07bDpscb1PFR0jt3C0NPvU6pV0jnHpFdc5ZMp+X8u0+pQKk5OMp0J4gSA2pJSVApty5dScXw1DpHlrhaygCt2hZUyzKydTqu9R6pMkPANuoiOKKysEpUrTqACbpJ/TFMk8olLA4BFyhR+iU+tZzRR8sF1mM53CqSlRLakglZIO+1uWGBI5kWORd71r1Ts69HanSsvVxie7Tr+kMJGl1tQBuLpJ32O23LFYqQ6zZG5H7IBWJSM61WnlKX3RMY918975K5/W+M6s+HqOpuWDA7s0+2n2smGVMjdc0zcq52i1IBDDpDgHejPGyx5jxHw/DGDKK/ZRtOMcfP++HcfAq0xxT9XIo4iS2pSNTat+oPMY1IKiOoZjjNwknxujNnLvi5QUwIUwIUwIXwkAXPLAhCuacyR6fEcdedKI6NtvWcPujGLUVE1ZN8pSa8T+c+XM+AT0MLY27yTwCVvouZO0F95cCOEwmCdKFOaW0noL+0v8vLHo6GgpdlsAGbjqeP9D3mqZpjIc9EV/8ADWX4ORJz0yhuidT2TIlJlEodUpKbkJcTsU8wNN035gkHE5KiUPuHZKglX+y6S5FYq9JYdcmMx+HKgLcVYLZdQFIF+Sel/MnHKkh4bIOKCr2YhSc2ZAcXEksxGXPvWlPWRwnUqupKhfZV9ST8TzxXTvLZAdUBZWV61TomR6VBiZrptPmpAcdL+hRTqJUpBSVCxGq1/LF8sbzK4lhIXSM1jZRplLHaHNMSvB51tHpEaQ0U6H1r/aJNrggXtYb7+WLJnv3Au33wQdFtZ0blQsmyp8iMzS63KfS0tNNXcS9StNlbDVdJUd7kYrgIdKGg3aOfBA1VWLCgZIolMp8qkMVSuVZwJdjqCSdJsFJuQe6BYeBNz446XOncXA2aEaoT7S6LAy3mNpFGcUyFtB4tJcJLCrnkeYBtt/8AMMU7jNERILjTvXWk6reyTnR12QiDU1cOck6UOEaQ6fdUOivz+OPK7R2VJs9/zdF1eI5D1HmE8yRsw3cia8CYiW1cbLHrJ8MNUlUypjxs8RySUsTo3WKtYZVamBCmBCxMxVNEVhxKnA2hCSp1ZOyUjGTtOqe21PDm93vzTdNEHHG7QJNNek9oGbGYSXhHiC5QFEDQ2OZA6rPh+gON+goY9l01tXHU8z+h71UJpTIb8FcDtW7Mc0lq7ztJdcCtwAmS3bmPBab+XIdCMO2ZVR34/hVapjZ5Mqq5VfYgFtceptsstGxC/vFpCjbw0Enobj6ZZFsjqoJbIczNTn6bSctoeE4UxtiSphIUV8N11AuVbJtpIvt8cPU7YzDeTS5Uhbit2PkZmsSKhDfmKjtSanJms6WwotrS4pt1I8iC0f5cLQTmEkhcBstZrsgoSU2cnVFZ8QtA/wDXFxrpOQRdVJvY3AWk+g1aS2vpx20uD8NOJNr3cQu4kJ1/JubKE6xMcLlQYhqC2XmnFOBqxBHcO6Rt0288MRzwyC2l124RBD7QcsyZTdfqdMeRXWGCy2GyVoUDfdJvYczuRcAnnil1LKBu2norlig+hOVrMWdG58RhuXUFPh9YeTdpA/e8EgWA67C29sMyBkcWE5BdRx2kZUjVVEqr0h1g1WClJqLTSrBXdvfyUBv4kW62wpTTFtmP0Oi4CufZ3mpya1wJK7zY43J/xkePx8fkeuPM7SpDsqpFRCPpu1HLs9R9k+wiojwO1CabDqX2kuINwoY1WPa9oc05FZ5BBsV0xJcXKS8GGFuK9kYi94Y0udoF0AuNgkx2o1tZCKa2s6nfvZFvd9lP13+Qwn8PUxqZn18vc332DL7p6oIjaImrrL7L3n6BTqhl+WiTJcjpceQp0BLhIvdtVvO25+mPQisAeWvFh71SV1do1cdj0h+kdpdOfMRoaoz0phRLik+xq5FXgb7+JxF8YLscBzR3Kl2fzZMiU7KV6SKTGlxmYyHXCtLAU4UpbBPMjiJ38hfpiNaAA3nxQ5MqnuJpVak02RZDUxxUiE5awUVd5xu/vBWpduoXtfSrCCis6zLFRqdOmShBebdVUoErYWbKRxDvsdKtepPuqSdrg4ELIp651SUuqzZMph+QQWkMPutIS2AAk8MqsCqxVZQJGqx5Y8xW7WlE5EDuiMuButKGlaWXeM1rM1WsQ7WebqDY5ofAbc+S0jT8in54nT7ccDaZviP0uSUQ/gVuUWuQ6uFoZ1symgC9FeAS41fkSORHOygSDY2O2PQRTRzNxxm4SDmOYbOCEM/dnUertu1GitoYqQ7y2k91Ej9Arz69fEaFPVFnRfouAoKpWfJFEyjIobMQxqm2sttSEICSkE94rB9sbjl+W7T6YPlDyclK2aFeFVkh9rhTwJFi+jQv732gVDrzvvhi7MjkhWmI1Yy45ArD0N6O24s8JTg08UD1k25i4PUfDlhephhrInwOOvlyPgpMeWODgnrlapNymG1NL1MvoDjZ+OPH7KkfE59JLq0//ffamKtgNpG8URY2kksfML+lpDV7A94/AYyNtTFlOGDVxTdGy8mI8Emcu0lnPOaqg5OmGNGCS7qSpIWReyAAryG58vPHp4Y/kKSOJozA8+PmqpH4nFyaIpkfKWWFUyNIrchpxSg06w1xnWFH3QhIsL77i25vthfGZpMRAVWqV1ar9ZzxMpNCdaCJDbpbJ0lPEXyLikH1bJBJHTfGgyJkAc8KVrJzRMuQYeW/sOMFNscIo4ifX1H/ABL+9fe/jjKkeXuLioLxDdj1uK9TKww2ZsfT6THULb+y6jrpJF0qHIgjZSSBBCpVbJUarIZam1WpuRmHA40ytTS9Ch11qbK/I3VuNjfHHNDgQeK6DY3XZeUYhSdFQqaHCP2gk6iP5VAp/DCX/TKS1sA81b8xLzWTLjzKPNZjTXhKjyCUx5QQEqCwL6HANrkAkKFgbEWBtqxNpbLEDd7FpxHJO09SXnC7VeZEcrcakR3ODMYuWHwLlN+YPik9
01-21 08:22:53.019  1212  1212 D SearchTargetUtil: layoutType=short_icon_row resultType=131072 packageName=com.google.android.googlequicksearchbox extras=Bundle{suggestion_type=33,suggest_truncate_start=false,is_answer=false,is_entity=false,is_personal=false,suggest_raw_text=usa hockey fights canada,input_query=android.app.search.Query@80e46d6,group_id=web21092404,response_id=073b5db2-9c52-4a0b-8473-b088370807a6,support_query_builder=false,} searchAction=usa hockey fights canada searchActionExtras=Bundle{learn_more_url=https://support.google.com/websearch/answer/106230?hl=106230,suggestion_action_text=Report this,should_start_for_result=true,allow_pinning=true,skip_logging_in_target_handler=true,suggestion_action_rpc=2,}ParentID: null targetID: 7e9760d4-8b6f-4750-9bc8-ec38126a22c7
01-21 08:22:53.019  1212  1212 D SearchTargetUtil: layoutType=short_icon_row resultType=131072 packageName=com.google.android.googlequicksearchbox extras=Bundle{suggestion_type=33,suggest_truncate_start=false,is_answer=false,is_entity=false,is_personal=false,suggest_raw_text=nyt strands hints,input_query=android.app.search.Query@80e46d6,group_id=web21092404,response_id=073b5db2-9c52-4a0b-8473-b088370807a6,support_query_builder=false,} searchAction=nyt strands hints searchActionExtras=Bundle{learn_more_url=https://support.google.com/websearch/answer/106230?hl=106230,suggestion_action_text=Report this,should_start_for_result=true,allow_pinning=true,skip_logging_in_target_handler=true,suggestion_action_rpc=2,}ParentID: null targetID: 04cc97a5-a7e4-42c8-9930-61424a3ab7ce
01-21 08:22:53.019  1212  1212 D SearchTargetUtil: layoutType=short_icon_row resultType=131072 packageName=com.google.android.googlequicksearchbox extras=Bundle{suggestion_type=33,suggest_truncate_start=false,is_answer=false,is_entity=false,is_personal=false,suggest_raw_text=xrp price prediction,input_query=android.app.search.Query@80e46d6,group_id=web21092404,response_id=073b5db2-9c52-4a0b-8473-b088370807a6,support_query_builder=false,} searchAction=xrp price prediction searchActionExtras=Bundle{learn_more_url=https://support.google.com/websearch/answer/106230?hl=106230,suggestion_action_text=Report this,should_start_for_result=true,allow_pinning=true,skip_logging_in_target_handler=true,suggestion_action_rpc=2,}ParentID: null targetID: 9c573da0-73ea-46fe-8d92-d95e04461684
01-21 08:22:53.019  1212  1212 D SearchTargetUtil: layoutType=short_icon_row resultType=131072 packageName=com.google.android.googlequicksearchbox extras=Bundle{suggestion_type=33,suggest_truncate_start=false,is_answer=false,is_entity=false,is_personal=false,suggest_raw_text=when is easter this year,input_query=android.app.search.Query@80e46d6,group_id=web21092404,response_id=073b5db2-9c52-4a0b-8473-b088370807a6,support_query_builder=false,} searchAction=when is easter this year searchActionExtras=Bundle{learn_more_url=https://support.google.com/websearch/answer/106230?hl=106230,suggestion_action_text=Report this,should_start_for_result=true,allow_pinning=true,skip_logging_in_target_handler=true,suggestion_action_rpc=2,}ParentID: null targetID: 67922d01-e6fe-4e55-8bac-84d2e66726f7
01-21 08:22:53.020  1212  1212 D SearchTargetUtil: layoutType=short_icon_row resultType=131072 packageName=com.google.android.googlequicksearchbox extras=Bundle{suggestion_type=33,suggest_truncate_start=false,is_answer=false,is_entity=false,is_personal=false,suggest_raw_text=snow storm weather forecast,input_query=android.app.search.Query@80e46d6,group_id=web21092404,response_id=073b5db2-9c52-4a0b-8473-b088370807a6,support_query_builder=false,} searchAction=snow storm weather forecast searchActionExtras=Bundle{learn_more_url=https://support.google.com/websearch/answer/106230?hl=106230,suggestion_action_text=Report this,should_start_for_result=true,allow_pinning=true,skip_logging_in_target_handler=true,suggestion_action_rpc=2,}ParentID: null targetID: 0f792e8e-c6d6-4730-bc66-cbb116b9cbf4
01-21 08:22:53.020  1212  1212 D SearchTargetUtil: layoutType=short_icon_row resultType=131072 packageName=com.google.android.googlequicksearchbox extras=Bundle{suggestion_type=33,suggest_truncate_start=false,is_answer=false,is_entity=false,is_personal=false,suggest_raw_text=santorini earthquakes,input_query=android.app.search.Query@80e46d6,group_id=web21092404,response_id=073b5db2-9c52-4a0b-8473-b088370807a6,support_query_builder=false,} searchAction=santorini earthquakes searchActionExtras=Bundle{learn_more_url=https://support.google.com/websearch/answer/106230?hl=106230,suggestion_action_text=Report this,should_start_for_result=true,allow_pinning=true,skip_logging_in_target_handler=true,suggestion_action_rpc=2,}ParentID: null targetID: d697d659-ab06-4939-b159-d72cf976ad90
01-21 08:22:53.020  1212  1212 D SearchTargetUtil: layoutType=short_icon_row resultType=131072 packageName=com.google.android.googlequicksearchbox extras=Bundle{suggestion_type=33,suggest_truncate_start=false,is_answer=false,is_entity=false,is_personal=false,suggest_raw_text=christopher renstrom horoscopes,input_query=android.app.search.Query@80e46d6,group_id=web21092404,response_id=073b5db2-9c52-4a0b-8473-b088370807a6,support_query_builder=false,} searchAction=christopher renstrom horoscopes searchActionExtras=Bundle{learn_more_url=https://support.google.com/websearch/answer/106230?hl=106230,suggestion_action_text=Report this,should_start_for_result=true,allow_pinning=true,skip_logging_in_target_handler=true,suggestion_action_rpc=2,}ParentID: null targetID: 9d327cdd-a10d-4992-9786-390da2b5abfc
01-21 08:22:53.020  1212  1212 D SearchTargetUtil: layoutType=short_icon_row resultType=131072 packageName=com.google.android.googlequicksearchbox extras=Bundle{suggestion_type=33,suggest_truncate_start=false,is_answer=false,is_entity=false,is_personal=false,suggest_raw_text=income tax refunds,input_query=android.app.search.Query@80e46d6,group_id=web21092404,response_id=073b5db2-9c52-4a0b-8473-b088370807a6,support_query_builder=false,} searchAction=income tax refunds searchActionExtras=Bundle{learn_more_url=https://support.google.com/websearch/answer/106230?hl=106230,suggestion_action_text=Report this,should_start_for_result=true,allow_pinning=true,skip_logging_in_target_handler=true,suggestion_action_rpc=2,}ParentID: null targetID: d5d5e294-0ce7-4aa6-b325-a7d9ca2b9bd1
01-21 08:22:53.020  1212  1212 D SearchTargetUtil: layoutType=short_icon_row resultType=131072 packageName=com.google.android.googlequicksearchbox extras=Bundle{suggestion_type=33,suggest_truncate_start=false,is_answer=false,is_entity=false,is_personal=false,suggest_raw_text=jacob kiplimo half marathon world record,input_query=android.app.search.Query@80e46d6,group_id=web21092404,response_id=073b5db2-9c52-4a0b-8473-b088370807a6,support_query_builder=false,} searchAction=jacob kiplimo half marathon world record searchActionExtras=Bundle{learn_more_url=https://support.google.com/websearch/answer/106230?hl=106230,suggestion_action_text=Report this,should_start_for_result=true,allow_pinning=true,skip_logging_in_target_handler=true,suggestion_action_rpc=2,}ParentID: null targetID: 736a2170-32d7-413e-b311-b77aa72b0442
01-21 08:22:53.020  1212  1212 D SearchTargetUtil: layoutType=short_icon_row resultType=131072 packageName=com.google.android.googlequicksearchbox extras=Bundle{suggestion_type=33,suggest_truncate_start=false,is_answer=false,is_entity=false,is_personal=false,suggest_raw_text=wwe nxt vengeance day 2025,input_query=android.app.search.Query@80e46d6,group_id=web21092404,response_id=073b5db2-9c52-4a0b-8473-b088370807a6,support_query_builder=false,} searchAction=wwe nxt vengeance day 2025 searchActionExtras=Bundle{learn_more_url=https://support.google.com/websearch/answer/106230?hl=106230,suggestion_action_text=Report this,should_start_for_result=true,allow_pinning=true,skip_logging_in_target_handler=true,suggestion_action_rpc=2,}ParentID: null targetID: f8462be5-46db-41c7-8e8a-a4a94d07232a
01-21 08:22:53.020  1212  1212 D SearchTargetUtil: layoutType=short_icon_row resultType=131072 packageName=com.google.android.googlequicksearchbox extras=Bundle{suggestion_type=33,suggest_truncate_start=false,is_answer=false,is_entity=false,is_personal=false,suggest_raw_text=indian health service layoffs,input_query=android.app.search.Query@80e46d6,group_id=web21092404,response_id=073b5db2-9c52-4a0b-8473-b088370807a6,support_query_builder=false,} searchAction=indian health service layoffs searchActionExtras=Bundle{learn_more_url=https://support.google.com/websearch/answer/106230?hl=106230,suggestion_action_text=Report this,should_start_for_result=true,allow_pinning=true,skip_logging_in_target_handler=true,suggestion_action_rpc=2,}ParentID: null targetID: 9141994a-0998-4024-a04b-60895be4547f
01-21 08:22:53.020  1212  1212 D SearchTargetUtil: layoutType=short_icon_row resultType=131072 packageName=com.google.android.googlequicksearchbox extras=Bundle{suggestion_type=33,suggest_truncate_start=false,is_answer=false,is_entity=false,is_personal=false,suggest_raw_text=delhi earthquakes,input_query=android.app.search.Query@80e46d6,group_id=web21092404,response_id=073b5db2-9c52-4a0b-8473-b088370807a6,support_query_builder=false,} searchAction=delhi earthquakes searchActionExtras=Bundle{learn_more_url=https://support.google.com/websearch/answer/106230?hl=106230,suggestion_action_text=Report this,should_start_for_result=true,allow_pinning=true,skip_logging_in_target_handler=true,suggestion_action_rpc=2,}ParentID: null targetID: f591fe5a-bad3-47e9-968b-7ae0a85d887f
01-21 08:22:53.070  3894  3899 I s.messaging:rcs: Background concurrent mark compact GC freed 3139KB AllocSpace bytes, 0(0B) LOS objects, 49% free, 3192KB/6385KB, paused 78us,6.120ms total 175.838ms
01-21 08:22:53.375  1212  1212 D SsBaseTemplateCard: No text view can be set up
01-21 08:22:53.375  1212  1212 D SsBaseTemplateCard: Passed-in item info is null
01-21 08:22:53.375  1212  1212 D SsBaseTemplateCard: Passed-in item info is null
01-21 08:22:53.375  1212  1212 D SsBaseTemplateCard: Passed-in item info is null
01-21 08:22:53.375  1212  1212 I SsBaseTemplateCard: Secondary card pane is null
01-21 08:22:53.378 17417 17417 D VRI[InstrumentationActivityInvoker$EmptyActivity]: visibilityChanged oldVisibility=true newVisibility=false
01-21 08:22:53.397 17417 17417 D LifecycleMonitor: Lifecycle status change: androidx.activity.ComponentActivity@d7d332 in: STOPPED
01-21 08:22:53.397 17417 17417 V ActivityScenario: Update currentActivityStage to STOPPED, currentActivity=androidx.activity.ComponentActivity@d7d332
01-21 08:22:53.402 17417 17417 D LifecycleMonitor: Lifecycle status change: androidx.activity.ComponentActivity@d7d332 in: DESTROYED
01-21 08:22:53.403 17417 17417 V ActivityScenario: Update currentActivityStage to DESTROYED, currentActivity=null
01-21 08:22:53.403 17417 17417 W WindowOnBackDispatcher: sendCancelIfRunning: isInProgress=false callback=android.view.ViewRootImpl$$ExternalSyntheticLambda11@d8b9156
01-21 08:22:53.404   545  1532 W InputManager-JNI: Input channel object '819998d com.example.presentation.test/androidx.activity.ComponentActivity (client)' was disposed without first being removed with the input manager!
01-21 08:22:53.406 17417 17417 D LifecycleMonitor: Lifecycle status change: androidx.test.core.app.InstrumentationActivityInvoker$EmptyActivity@54c36cd in: STOPPED
01-21 08:22:53.410 17417 17417 D LifecycleMonitor: Lifecycle status change: androidx.test.core.app.InstrumentationActivityInvoker$EmptyActivity@54c36cd in: DESTROYED
01-21 08:22:53.410 17417 17417 W WindowOnBackDispatcher: sendCancelIfRunning: isInProgress=false callback=android.view.ViewRootImpl$$ExternalSyntheticLambda11@42f110b
01-21 08:22:53.410   545  1532 W InputManager-JNI: Input channel object '1bf339e com.example.presentation.test/androidx.test.core.app.InstrumentationActivityInvoker$EmptyActivity (client)' was disposed without first being removed with the input manager!
01-21 08:22:53.413 17417 17434 D IdlingRegistry: Unregistering idling resources: [androidx.compose.ui.test.EspressoLink@66bf7ce]
01-21 08:22:53.414  1212  1212 I TopTaskTracker: onTaskRemoved: taskId=116
01-21 08:22:53.415  1212  1212 I TopTaskTracker: onTaskRemoved: taskId=116
01-21 08:22:53.416 17417 17434 I TestRunner: finished: pokemonListScreen_displaysFeaturedPokemon(com.example.presentation.list.PokemonListScreenTest)
